C:/Users/mkukl/Documents/STM32CubeWB/Projects/P-NUCLEO-WB55.Nucleo/Applications/BLE/BLE_HeartRate/Core/Src/app_entry.c:361:13:APPE_SysStatusNot	0	static
C:/Users/mkukl/Documents/STM32CubeWB/Projects/P-NUCLEO-WB55.Nucleo/Applications/BLE/BLE_HeartRate/Core/Src/app_entry.c:681:13:RxCpltCallback	16	static
C:/Users/mkukl/Documents/STM32CubeWB/Projects/P-NUCLEO-WB55.Nucleo/Applications/BLE/BLE_HeartRate/Core/Src/app_entry.c:376:13:APPE_SysUserEvtRx	48	static
C:/Users/mkukl/Documents/STM32CubeWB/Projects/P-NUCLEO-WB55.Nucleo/Applications/BLE/BLE_HeartRate/Core/Src/app_entry.c:105:6:MX_APPE_Config	8	static
C:/Users/mkukl/Documents/STM32CubeWB/Projects/P-NUCLEO-WB55.Nucleo/Applications/BLE/BLE_HeartRate/Core/Src/app_entry.c:162:6:Init_Smps	0	static
C:/Users/mkukl/Documents/STM32CubeWB/Projects/P-NUCLEO-WB55.Nucleo/Applications/BLE/BLE_HeartRate/Core/Src/app_entry.c:180:6:Init_Exti	0	static
C:/Users/mkukl/Documents/STM32CubeWB/Projects/P-NUCLEO-WB55.Nucleo/Applications/BLE/BLE_HeartRate/Core/Src/app_entry.c:125:6:MX_APPE_Init	40	static
C:/Users/mkukl/Documents/STM32CubeWB/Projects/P-NUCLEO-WB55.Nucleo/Applications/BLE/BLE_HeartRate/Core/Src/app_entry.c:572:6:HAL_Delay	16	static,ignoring_inline_asm
C:/Users/mkukl/Documents/STM32CubeWB/Projects/P-NUCLEO-WB55.Nucleo/Applications/BLE/BLE_HeartRate/Core/Src/app_entry.c:601:6:MX_APPE_Process	0	static
C:/Users/mkukl/Documents/STM32CubeWB/Projects/P-NUCLEO-WB55.Nucleo/Applications/BLE/BLE_HeartRate/Core/Src/app_entry.c:612:6:UTIL_SEQ_Idle	0	static
C:/Users/mkukl/Documents/STM32CubeWB/Projects/P-NUCLEO-WB55.Nucleo/Applications/BLE/BLE_HeartRate/Core/Src/app_entry.c:627:6:UTIL_SEQ_EvtIdle	0	static
C:/Users/mkukl/Documents/STM32CubeWB/Projects/P-NUCLEO-WB55.Nucleo/Applications/BLE/BLE_HeartRate/Core/Src/app_entry.c:634:6:shci_notify_asynch_evt	0	static
C:/Users/mkukl/Documents/STM32CubeWB/Projects/P-NUCLEO-WB55.Nucleo/Applications/BLE/BLE_HeartRate/Core/Src/app_entry.c:640:6:shci_cmd_resp_release	0	static
C:/Users/mkukl/Documents/STM32CubeWB/Projects/P-NUCLEO-WB55.Nucleo/Applications/BLE/BLE_HeartRate/Core/Src/app_entry.c:646:6:shci_cmd_resp_wait	0	static
C:/Users/mkukl/Documents/STM32CubeWB/Projects/P-NUCLEO-WB55.Nucleo/Applications/BLE/BLE_HeartRate/Core/Src/app_entry.c:653:6:HAL_GPIO_EXTI_Callback	0	static
