../Middlewares/ST/STM32_WPAN/ble/core/auto/ble_events.c:189:13:hci_disconnection_complete_event	16	static
../Middlewares/ST/STM32_WPAN/ble/core/auto/ble_events.c:196:13:hci_disconnection_complete_event_process	24	static
../Middlewares/ST/STM32_WPAN/ble/core/auto/ble_events.c:205:13:hci_encryption_change_event	16	static
../Middlewares/ST/STM32_WPAN/ble/core/auto/ble_events.c:212:13:hci_encryption_change_event_process	24	static
../Middlewares/ST/STM32_WPAN/ble/core/auto/ble_events.c:221:13:hci_read_remote_version_information_complete_event	16	static
../Middlewares/ST/STM32_WPAN/ble/core/auto/ble_events.c:230:13:hci_read_remote_version_information_complete_event_process	40	static
../Middlewares/ST/STM32_WPAN/ble/core/auto/ble_events.c:241:13:hci_hardware_error_event	16	static
../Middlewares/ST/STM32_WPAN/ble/core/auto/ble_events.c:246:13:hci_hardware_error_event_process	24	static
../Middlewares/ST/STM32_WPAN/ble/core/auto/ble_events.c:253:13:hci_number_of_completed_packets_event	16	static
../Middlewares/ST/STM32_WPAN/ble/core/auto/ble_events.c:259:13:hci_number_of_completed_packets_event_process	24	static
../Middlewares/ST/STM32_WPAN/ble/core/auto/ble_events.c:267:13:hci_encryption_key_refresh_complete_event	16	static
../Middlewares/ST/STM32_WPAN/ble/core/auto/ble_events.c:273:13:hci_encryption_key_refresh_complete_event_process	24	static
../Middlewares/ST/STM32_WPAN/ble/core/auto/ble_events.c:281:13:hci_le_connection_complete_event	16	static
../Middlewares/ST/STM32_WPAN/ble/core/auto/ble_events.c:294:13:hci_le_connection_complete_event_process	64	static
../Middlewares/ST/STM32_WPAN/ble/core/auto/ble_events.c:309:13:hci_le_advertising_report_event	16	static
../Middlewares/ST/STM32_WPAN/ble/core/auto/ble_events.c:315:13:hci_le_advertising_report_event_process	40	static
../Middlewares/ST/STM32_WPAN/ble/core/auto/ble_events.c:332:13:hci_le_connection_update_complete_event	16	static
../Middlewares/ST/STM32_WPAN/ble/core/auto/ble_events.c:341:13:hci_le_connection_update_complete_event_process	40	static
../Middlewares/ST/STM32_WPAN/ble/core/auto/ble_events.c:352:13:hci_le_read_remote_features_complete_event	16	static
../Middlewares/ST/STM32_WPAN/ble/core/auto/ble_events.c:359:13:hci_le_read_remote_features_complete_event_process	24	static
../Middlewares/ST/STM32_WPAN/ble/core/auto/ble_events.c:368:13:hci_le_long_term_key_request_event	16	static
../Middlewares/ST/STM32_WPAN/ble/core/auto/ble_events.c:375:13:hci_le_long_term_key_request_event_process	24	static
../Middlewares/ST/STM32_WPAN/ble/core/auto/ble_events.c:384:13:hci_le_data_length_change_event	16	static
../Middlewares/ST/STM32_WPAN/ble/core/auto/ble_events.c:393:13:hci_le_data_length_change_event_process	40	static
../Middlewares/ST/STM32_WPAN/ble/core/auto/ble_events.c:404:13:hci_le_read_local_p256_public_key_complete_event	16	static
../Middlewares/ST/STM32_WPAN/ble/core/auto/ble_events.c:410:13:hci_le_read_local_p256_public_key_complete_event_process	24	static
../Middlewares/ST/STM32_WPAN/ble/core/auto/ble_events.c:418:13:hci_le_generate_dhkey_complete_event	16	static
../Middlewares/ST/STM32_WPAN/ble/core/auto/ble_events.c:424:13:hci_le_generate_dhkey_complete_event_process	24	static
../Middlewares/ST/STM32_WPAN/ble/core/auto/ble_events.c:432:13:hci_le_enhanced_connection_complete_event	16	static
../Middlewares/ST/STM32_WPAN/ble/core/auto/ble_events.c:447:13:hci_le_enhanced_connection_complete_event_process	80	static
../Middlewares/ST/STM32_WPAN/ble/core/auto/ble_events.c:464:13:hci_le_directed_advertising_report_event	16	static
../Middlewares/ST/STM32_WPAN/ble/core/auto/ble_events.c:470:13:hci_le_directed_advertising_report_event_process	24	static
../Middlewares/ST/STM32_WPAN/ble/core/auto/ble_events.c:478:13:hci_le_phy_update_complete_event	16	static
../Middlewares/ST/STM32_WPAN/ble/core/auto/ble_events.c:486:13:hci_le_phy_update_complete_event_process	24	static
../Middlewares/ST/STM32_WPAN/ble/core/auto/ble_events.c:496:13:hci_le_extended_advertising_report_event	16	static
../Middlewares/ST/STM32_WPAN/ble/core/auto/ble_events.c:514:13:hci_le_extended_advertising_report_event_process	96	static
../Middlewares/ST/STM32_WPAN/ble/core/auto/ble_events.c:534:13:hci_le_scan_timeout_event	4	static
../Middlewares/ST/STM32_WPAN/ble/core/auto/ble_events.c:539:13:hci_le_scan_timeout_event_process	16	static
../Middlewares/ST/STM32_WPAN/ble/core/auto/ble_events.c:545:13:hci_le_advertising_set_terminated_event	16	static
../Middlewares/ST/STM32_WPAN/ble/core/auto/ble_events.c:553:13:hci_le_advertising_set_terminated_event_process	24	static
../Middlewares/ST/STM32_WPAN/ble/core/auto/ble_events.c:563:13:hci_le_scan_request_received_event	16	static
../Middlewares/ST/STM32_WPAN/ble/core/auto/ble_events.c:570:13:hci_le_scan_request_received_event_process	24	static
../Middlewares/ST/STM32_WPAN/ble/core/auto/ble_events.c:579:13:hci_le_channel_selection_algorithm_event	16	static
../Middlewares/ST/STM32_WPAN/ble/core/auto/ble_events.c:585:13:hci_le_channel_selection_algorithm_event_process	24	static
../Middlewares/ST/STM32_WPAN/ble/core/auto/ble_events.c:593:13:aci_hal_end_of_radio_activity_event	16	static
../Middlewares/ST/STM32_WPAN/ble/core/auto/ble_events.c:602:13:aci_hal_end_of_radio_activity_event_process	40	static
../Middlewares/ST/STM32_WPAN/ble/core/auto/ble_events.c:613:13:aci_hal_scan_req_report_event	16	static
../Middlewares/ST/STM32_WPAN/ble/core/auto/ble_events.c:620:13:aci_hal_scan_req_report_event_process	24	static
../Middlewares/ST/STM32_WPAN/ble/core/auto/ble_events.c:629:13:aci_hal_fw_error_event	16	static
../Middlewares/ST/STM32_WPAN/ble/core/auto/ble_events.c:636:13:aci_hal_fw_error_event_process	24	static
../Middlewares/ST/STM32_WPAN/ble/core/auto/ble_events.c:645:13:aci_gap_limited_discoverable_event	4	static
../Middlewares/ST/STM32_WPAN/ble/core/auto/ble_events.c:650:13:aci_gap_limited_discoverable_event_process	16	static
../Middlewares/ST/STM32_WPAN/ble/core/auto/ble_events.c:656:13:aci_gap_pairing_complete_event	16	static
../Middlewares/ST/STM32_WPAN/ble/core/auto/ble_events.c:663:13:aci_gap_pairing_complete_event_process	24	static
../Middlewares/ST/STM32_WPAN/ble/core/auto/ble_events.c:672:13:aci_gap_pass_key_req_event	16	static
../Middlewares/ST/STM32_WPAN/ble/core/auto/ble_events.c:677:13:aci_gap_pass_key_req_event_process	24	static
../Middlewares/ST/STM32_WPAN/ble/core/auto/ble_events.c:684:13:aci_gap_authorization_req_event	16	static
../Middlewares/ST/STM32_WPAN/ble/core/auto/ble_events.c:689:13:aci_gap_authorization_req_event_process	24	static
../Middlewares/ST/STM32_WPAN/ble/core/auto/ble_events.c:696:13:aci_gap_slave_security_initiated_event	4	static
../Middlewares/ST/STM32_WPAN/ble/core/auto/ble_events.c:701:13:aci_gap_slave_security_initiated_event_process	16	static
../Middlewares/ST/STM32_WPAN/ble/core/auto/ble_events.c:707:13:aci_gap_bond_lost_event	4	static
../Middlewares/ST/STM32_WPAN/ble/core/auto/ble_events.c:712:13:aci_gap_bond_lost_event_process	16	static
../Middlewares/ST/STM32_WPAN/ble/core/auto/ble_events.c:718:13:aci_gap_proc_complete_event	16	static
../Middlewares/ST/STM32_WPAN/ble/core/auto/ble_events.c:726:13:aci_gap_proc_complete_event_process	24	static
../Middlewares/ST/STM32_WPAN/ble/core/auto/ble_events.c:736:13:aci_gap_addr_not_resolved_event	16	static
../Middlewares/ST/STM32_WPAN/ble/core/auto/ble_events.c:741:13:aci_gap_addr_not_resolved_event_process	24	static
../Middlewares/ST/STM32_WPAN/ble/core/auto/ble_events.c:748:13:aci_gap_numeric_comparison_value_event	16	static
../Middlewares/ST/STM32_WPAN/ble/core/auto/ble_events.c:754:13:aci_gap_numeric_comparison_value_event_process	24	static
../Middlewares/ST/STM32_WPAN/ble/core/auto/ble_events.c:762:13:aci_gap_keypress_notification_event	16	static
../Middlewares/ST/STM32_WPAN/ble/core/auto/ble_events.c:768:13:aci_gap_keypress_notification_event_process	24	static
../Middlewares/ST/STM32_WPAN/ble/core/auto/ble_events.c:776:13:aci_l2cap_connection_update_resp_event	16	static
../Middlewares/ST/STM32_WPAN/ble/core/auto/ble_events.c:782:13:aci_l2cap_connection_update_resp_event_process	24	static
../Middlewares/ST/STM32_WPAN/ble/core/auto/ble_events.c:790:13:aci_l2cap_proc_timeout_event	16	static
../Middlewares/ST/STM32_WPAN/ble/core/auto/ble_events.c:797:13:aci_l2cap_proc_timeout_event_process	24	static
../Middlewares/ST/STM32_WPAN/ble/core/auto/ble_events.c:806:13:aci_l2cap_connection_update_req_event	16	static
../Middlewares/ST/STM32_WPAN/ble/core/auto/ble_events.c:817:13:aci_l2cap_connection_update_req_event_process	56	static
../Middlewares/ST/STM32_WPAN/ble/core/auto/ble_events.c:830:13:aci_l2cap_command_reject_event	16	static
../Middlewares/ST/STM32_WPAN/ble/core/auto/ble_events.c:839:13:aci_l2cap_command_reject_event_process	40	static
../Middlewares/ST/STM32_WPAN/ble/core/auto/ble_events.c:850:13:aci_l2cap_coc_connect_event	16	static
../Middlewares/ST/STM32_WPAN/ble/core/auto/ble_events.c:860:13:aci_l2cap_coc_connect_event_process	40	static
../Middlewares/ST/STM32_WPAN/ble/core/auto/ble_events.c:872:13:aci_l2cap_coc_connect_confirm_event	16	static
../Middlewares/ST/STM32_WPAN/ble/core/auto/ble_events.c:883:13:aci_l2cap_coc_connect_confirm_event_process	56	static
../Middlewares/ST/STM32_WPAN/ble/core/auto/ble_events.c:896:13:aci_l2cap_coc_reconf_event	16	static
../Middlewares/ST/STM32_WPAN/ble/core/auto/ble_events.c:905:13:aci_l2cap_coc_reconf_event_process	40	static
../Middlewares/ST/STM32_WPAN/ble/core/auto/ble_events.c:916:13:aci_l2cap_coc_reconf_confirm_event	16	static
../Middlewares/ST/STM32_WPAN/ble/core/auto/ble_events.c:922:13:aci_l2cap_coc_reconf_confirm_event_process	24	static
../Middlewares/ST/STM32_WPAN/ble/core/auto/ble_events.c:930:13:aci_l2cap_coc_disconnect_event	16	static
../Middlewares/ST/STM32_WPAN/ble/core/auto/ble_events.c:935:13:aci_l2cap_coc_disconnect_event_process	24	static
../Middlewares/ST/STM32_WPAN/ble/core/auto/ble_events.c:942:13:aci_l2cap_coc_flow_control_event	16	static
../Middlewares/ST/STM32_WPAN/ble/core/auto/ble_events.c:948:13:aci_l2cap_coc_flow_control_event_process	24	static
../Middlewares/ST/STM32_WPAN/ble/core/auto/ble_events.c:956:13:aci_l2cap_coc_rx_data_event	16	static
../Middlewares/ST/STM32_WPAN/ble/core/auto/ble_events.c:963:13:aci_l2cap_coc_rx_data_event_process	24	static
../Middlewares/ST/STM32_WPAN/ble/core/auto/ble_events.c:972:13:aci_l2cap_coc_tx_pool_available_event	4	static
../Middlewares/ST/STM32_WPAN/ble/core/auto/ble_events.c:977:13:aci_l2cap_coc_tx_pool_available_event_process	16	static
../Middlewares/ST/STM32_WPAN/ble/core/auto/ble_events.c:983:13:aci_gatt_attribute_modified_event	16	static
../Middlewares/ST/STM32_WPAN/ble/core/auto/ble_events.c:992:13:aci_gatt_attribute_modified_event_process	40	static
../Middlewares/ST/STM32_WPAN/ble/core/auto/ble_events.c:1003:13:aci_gatt_proc_timeout_event	16	static
../Middlewares/ST/STM32_WPAN/ble/core/auto/ble_events.c:1008:13:aci_gatt_proc_timeout_event_process	24	static
../Middlewares/ST/STM32_WPAN/ble/core/auto/ble_events.c:1015:13:aci_att_exchange_mtu_resp_event	16	static
../Middlewares/ST/STM32_WPAN/ble/core/auto/ble_events.c:1021:13:aci_att_exchange_mtu_resp_event_process	24	static
../Middlewares/ST/STM32_WPAN/ble/core/auto/ble_events.c:1029:13:aci_att_find_info_resp_event	16	static
../Middlewares/ST/STM32_WPAN/ble/core/auto/ble_events.c:1037:13:aci_att_find_info_resp_event_process	24	static
../Middlewares/ST/STM32_WPAN/ble/core/auto/ble_events.c:1047:13:aci_att_find_by_type_value_resp_event	16	static
../Middlewares/ST/STM32_WPAN/ble/core/auto/ble_events.c:1054:13:aci_att_find_by_type_value_resp_event_process	24	static
../Middlewares/ST/STM32_WPAN/ble/core/auto/ble_events.c:1063:13:aci_att_read_by_type_resp_event	16	static
../Middlewares/ST/STM32_WPAN/ble/core/auto/ble_events.c:1071:13:aci_att_read_by_type_resp_event_process	24	static
../Middlewares/ST/STM32_WPAN/ble/core/auto/ble_events.c:1081:13:aci_att_read_resp_event	16	static
../Middlewares/ST/STM32_WPAN/ble/core/auto/ble_events.c:1088:13:aci_att_read_resp_event_process	24	static
../Middlewares/ST/STM32_WPAN/ble/core/auto/ble_events.c:1097:13:aci_att_read_blob_resp_event	16	static
../Middlewares/ST/STM32_WPAN/ble/core/auto/ble_events.c:1104:13:aci_att_read_blob_resp_event_process	24	static
../Middlewares/ST/STM32_WPAN/ble/core/auto/ble_events.c:1113:13:aci_att_read_multiple_resp_event	16	static
../Middlewares/ST/STM32_WPAN/ble/core/auto/ble_events.c:1120:13:aci_att_read_multiple_resp_event_process	24	static
../Middlewares/ST/STM32_WPAN/ble/core/auto/ble_events.c:1129:13:aci_att_read_by_group_type_resp_event	16	static
../Middlewares/ST/STM32_WPAN/ble/core/auto/ble_events.c:1137:13:aci_att_read_by_group_type_resp_event_process	24	static
../Middlewares/ST/STM32_WPAN/ble/core/auto/ble_events.c:1147:13:aci_att_prepare_write_resp_event	16	static
../Middlewares/ST/STM32_WPAN/ble/core/auto/ble_events.c:1156:13:aci_att_prepare_write_resp_event_process	40	static
../Middlewares/ST/STM32_WPAN/ble/core/auto/ble_events.c:1167:13:aci_att_exec_write_resp_event	16	static
../Middlewares/ST/STM32_WPAN/ble/core/auto/ble_events.c:1172:13:aci_att_exec_write_resp_event_process	24	static
../Middlewares/ST/STM32_WPAN/ble/core/auto/ble_events.c:1179:13:aci_gatt_indication_event	24	static
../Middlewares/ST/STM32_WPAN/ble/core/auto/ble_events.c:1187:13:aci_gatt_indication_event_process	24	static
../Middlewares/ST/STM32_WPAN/ble/core/auto/ble_events.c:1197:13:aci_gatt_notification_event	24	static
../Middlewares/ST/STM32_WPAN/ble/core/auto/ble_events.c:1205:13:aci_gatt_notification_event_process	24	static
../Middlewares/ST/STM32_WPAN/ble/core/auto/ble_events.c:1215:13:aci_gatt_proc_complete_event	16	static
../Middlewares/ST/STM32_WPAN/ble/core/auto/ble_events.c:1221:13:aci_gatt_proc_complete_event_process	24	static
../Middlewares/ST/STM32_WPAN/ble/core/auto/ble_events.c:1229:13:aci_gatt_error_resp_event	16	static
../Middlewares/ST/STM32_WPAN/ble/core/auto/ble_events.c:1237:13:aci_gatt_error_resp_event_process	24	static
../Middlewares/ST/STM32_WPAN/ble/core/auto/ble_events.c:1247:13:aci_gatt_disc_read_char_by_uuid_resp_event	24	static
../Middlewares/ST/STM32_WPAN/ble/core/auto/ble_events.c:1255:13:aci_gatt_disc_read_char_by_uuid_resp_event_process	24	static
../Middlewares/ST/STM32_WPAN/ble/core/auto/ble_events.c:1265:13:aci_gatt_write_permit_req_event	24	static
../Middlewares/ST/STM32_WPAN/ble/core/auto/ble_events.c:1273:13:aci_gatt_write_permit_req_event_process	24	static
../Middlewares/ST/STM32_WPAN/ble/core/auto/ble_events.c:1283:13:aci_gatt_read_permit_req_event	16	static
../Middlewares/ST/STM32_WPAN/ble/core/auto/ble_events.c:1290:13:aci_gatt_read_permit_req_event_process	24	static
../Middlewares/ST/STM32_WPAN/ble/core/auto/ble_events.c:1299:13:aci_gatt_read_multi_permit_req_event	16	static
../Middlewares/ST/STM32_WPAN/ble/core/auto/ble_events.c:1306:13:aci_gatt_read_multi_permit_req_event_process	24	static
../Middlewares/ST/STM32_WPAN/ble/core/auto/ble_events.c:1315:13:aci_gatt_tx_pool_available_event	16	static
../Middlewares/ST/STM32_WPAN/ble/core/auto/ble_events.c:1321:13:aci_gatt_tx_pool_available_event_process	24	static
../Middlewares/ST/STM32_WPAN/ble/core/auto/ble_events.c:1329:13:aci_gatt_server_confirmation_event	16	static
../Middlewares/ST/STM32_WPAN/ble/core/auto/ble_events.c:1334:13:aci_gatt_server_confirmation_event_process	24	static
../Middlewares/ST/STM32_WPAN/ble/core/auto/ble_events.c:1341:13:aci_gatt_prepare_write_permit_req_event	16	static
../Middlewares/ST/STM32_WPAN/ble/core/auto/ble_events.c:1350:13:aci_gatt_prepare_write_permit_req_event_process	40	static
../Middlewares/ST/STM32_WPAN/ble/core/auto/ble_events.c:1361:13:aci_gatt_eatt_bearer_event	16	static
../Middlewares/ST/STM32_WPAN/ble/core/auto/ble_events.c:1368:13:aci_gatt_eatt_bearer_event_process	24	static
../Middlewares/ST/STM32_WPAN/ble/core/auto/ble_events.c:1377:13:aci_gatt_mult_notification_event	24	static
../Middlewares/ST/STM32_WPAN/ble/core/auto/ble_events.c:1385:13:aci_gatt_mult_notification_event_process	24	static
../Middlewares/ST/STM32_WPAN/ble/core/auto/ble_events.c:1395:13:aci_gatt_read_ext_event	24	static
../Middlewares/ST/STM32_WPAN/ble/core/auto/ble_events.c:1403:13:aci_gatt_read_ext_event_process	24	static
../Middlewares/ST/STM32_WPAN/ble/core/auto/ble_events.c:1413:13:aci_gatt_indication_ext_event	16	static
../Middlewares/ST/STM32_WPAN/ble/core/auto/ble_events.c:1422:13:aci_gatt_indication_ext_event_process	40	static
../Middlewares/ST/STM32_WPAN/ble/core/auto/ble_events.c:1433:13:aci_gatt_notification_ext_event	16	static
../Middlewares/ST/STM32_WPAN/ble/core/auto/ble_events.c:1442:13:aci_gatt_notification_ext_event_process	40	static
