Archive member included to satisfy reference by file (symbol)

c:/st/stm32cubeide_1.12.0/stm32cubeide/plugins/com.st.stm32cube.ide.mcu.externaltools.gnu-tools-for-stm32.10.3-2021.10.win32_1.0.200.202301161003/tools/bin/../lib/gcc/arm-none-eabi/10.3.1/../../../../arm-none-eabi/lib/thumb/v7e-m+fp/hard\libc_nano.a(lib_a-errno.o)
                              ./Application/User/Core/syscalls.o (__errno)
c:/st/stm32cubeide_1.12.0/stm32cubeide/plugins/com.st.stm32cube.ide.mcu.externaltools.gnu-tools-for-stm32.10.3-2021.10.win32_1.0.200.202301161003/tools/bin/../lib/gcc/arm-none-eabi/10.3.1/../../../../arm-none-eabi/lib/thumb/v7e-m+fp/hard\libc_nano.a(lib_a-exit.o)
                              c:/st/stm32cubeide_1.12.0/stm32cubeide/plugins/com.st.stm32cube.ide.mcu.externaltools.gnu-tools-for-stm32.10.3-2021.10.win32_1.0.200.202301161003/tools/bin/../lib/gcc/arm-none-eabi/10.3.1/../../../../arm-none-eabi/lib/thumb/v7e-m+fp/hard/crt0.o (exit)
c:/st/stm32cubeide_1.12.0/stm32cubeide/plugins/com.st.stm32cube.ide.mcu.externaltools.gnu-tools-for-stm32.10.3-2021.10.win32_1.0.200.202301161003/tools/bin/../lib/gcc/arm-none-eabi/10.3.1/../../../../arm-none-eabi/lib/thumb/v7e-m+fp/hard\libc_nano.a(lib_a-impure.o)
                              c:/st/stm32cubeide_1.12.0/stm32cubeide/plugins/com.st.stm32cube.ide.mcu.externaltools.gnu-tools-for-stm32.10.3-2021.10.win32_1.0.200.202301161003/tools/bin/../lib/gcc/arm-none-eabi/10.3.1/../../../../arm-none-eabi/lib/thumb/v7e-m+fp/hard\libc_nano.a(lib_a-exit.o) (_global_impure_ptr)
c:/st/stm32cubeide_1.12.0/stm32cubeide/plugins/com.st.stm32cube.ide.mcu.externaltools.gnu-tools-for-stm32.10.3-2021.10.win32_1.0.200.202301161003/tools/bin/../lib/gcc/arm-none-eabi/10.3.1/../../../../arm-none-eabi/lib/thumb/v7e-m+fp/hard\libc_nano.a(lib_a-init.o)
                              c:/st/stm32cubeide_1.12.0/stm32cubeide/plugins/com.st.stm32cube.ide.mcu.externaltools.gnu-tools-for-stm32.10.3-2021.10.win32_1.0.200.202301161003/tools/bin/../lib/gcc/arm-none-eabi/10.3.1/../../../../arm-none-eabi/lib/thumb/v7e-m+fp/hard/crt0.o (__libc_init_array)
c:/st/stm32cubeide_1.12.0/stm32cubeide/plugins/com.st.stm32cube.ide.mcu.externaltools.gnu-tools-for-stm32.10.3-2021.10.win32_1.0.200.202301161003/tools/bin/../lib/gcc/arm-none-eabi/10.3.1/../../../../arm-none-eabi/lib/thumb/v7e-m+fp/hard\libc_nano.a(lib_a-memcmp.o)
                              ./Middlewares/STM32_WPAN/osal.o (memcmp)
c:/st/stm32cubeide_1.12.0/stm32cubeide/plugins/com.st.stm32cube.ide.mcu.externaltools.gnu-tools-for-stm32.10.3-2021.10.win32_1.0.200.202301161003/tools/bin/../lib/gcc/arm-none-eabi/10.3.1/../../../../arm-none-eabi/lib/thumb/v7e-m+fp/hard\libc_nano.a(lib_a-memcpy-stub.o)
                              ./Middlewares/STM32_WPAN/hci_tl.o (memcpy)
c:/st/stm32cubeide_1.12.0/stm32cubeide/plugins/com.st.stm32cube.ide.mcu.externaltools.gnu-tools-for-stm32.10.3-2021.10.win32_1.0.200.202301161003/tools/bin/../lib/gcc/arm-none-eabi/10.3.1/../../../../arm-none-eabi/lib/thumb/v7e-m+fp/hard\libc_nano.a(lib_a-memset.o)
                              c:/st/stm32cubeide_1.12.0/stm32cubeide/plugins/com.st.stm32cube.ide.mcu.externaltools.gnu-tools-for-stm32.10.3-2021.10.win32_1.0.200.202301161003/tools/bin/../lib/gcc/arm-none-eabi/10.3.1/../../../../arm-none-eabi/lib/thumb/v7e-m+fp/hard/crt0.o (memset)
c:/st/stm32cubeide_1.12.0/stm32cubeide/plugins/com.st.stm32cube.ide.mcu.externaltools.gnu-tools-for-stm32.10.3-2021.10.win32_1.0.200.202301161003/tools/bin/../lib/gcc/arm-none-eabi/10.3.1/../../../../arm-none-eabi/lib/thumb/v7e-m+fp/hard\libc_nano.a(lib_a-printf.o)
                              ./Middlewares/STM32_WPAN/dbg_trace.o (printf)
c:/st/stm32cubeide_1.12.0/stm32cubeide/plugins/com.st.stm32cube.ide.mcu.externaltools.gnu-tools-for-stm32.10.3-2021.10.win32_1.0.200.202301161003/tools/bin/../lib/gcc/arm-none-eabi/10.3.1/../../../../arm-none-eabi/lib/thumb/v7e-m+fp/hard\libc_nano.a(lib_a-strcmp.o)
                              ./Application/User/Core/app_entry.o (strcmp)
c:/st/stm32cubeide_1.12.0/stm32cubeide/plugins/com.st.stm32cube.ide.mcu.externaltools.gnu-tools-for-stm32.10.3-2021.10.win32_1.0.200.202301161003/tools/bin/../lib/gcc/arm-none-eabi/10.3.1/../../../../arm-none-eabi/lib/thumb/v7e-m+fp/hard\libc_nano.a(lib_a-strrchr.o)
                              ./Middlewares/STM32_WPAN/dbg_trace.o (strrchr)
c:/st/stm32cubeide_1.12.0/stm32cubeide/plugins/com.st.stm32cube.ide.mcu.externaltools.gnu-tools-for-stm32.10.3-2021.10.win32_1.0.200.202301161003/tools/bin/../lib/gcc/arm-none-eabi/10.3.1/../../../../arm-none-eabi/lib/thumb/v7e-m+fp/hard\libc_nano.a(lib_a-vprintf.o)
                              ./Middlewares/STM32_WPAN/dbg_trace.o (vprintf)
c:/st/stm32cubeide_1.12.0/stm32cubeide/plugins/com.st.stm32cube.ide.mcu.externaltools.gnu-tools-for-stm32.10.3-2021.10.win32_1.0.200.202301161003/tools/bin/../lib/gcc/arm-none-eabi/10.3.1/../../../../arm-none-eabi/lib/thumb/v7e-m+fp/hard\libc_nano.a(lib_a-findfp.o)
[...]
Memory Configuration

Name             Origin             Length             Attributes
FLASH            0x0000000008000000 0x0000000000080000 xr
RAM1             0x0000000020000008 0x000000000002fff8 xrw
RAM_SHARED       0x0000000020030000 0x0000000000002800 xrw
*default*        0x0000000000000000 0xffffffffffffffff

Linker script and memory map

LOAD c:/st/stm32cubeide_1.12.0/stm32cubeide/plugins/com.st.stm32cube.ide.mcu.externaltools.gnu-tools-for-stm32.10.3-2021.10.win32_1.0.200.202301161003/tools/bin/../lib/gcc/arm-none-eabi/10.3.1/thumb/v7e-m+fp/hard/crti.o
LOAD c:/st/stm32cubeide_1.12.0/stm32cubeide/plugins/com.st.stm32cube.ide.mcu.externaltools.gnu-tools-for-stm32.10.3-2021.10.win32_1.0.200.202301161003/tools/bin/../lib/gcc/arm-none-eabi/10.3.1/thumb/v7e-m+fp/hard/crtbegin.o
LOAD c:/st/stm32cubeide_1.12.0/stm32cubeide/plugins/com.st.stm32cube.ide.mcu.externaltools.gnu-tools-for-stm32.10.3-2021.10.win32_1.0.200.202301161003/tools/bin/../lib/gcc/arm-none-eabi/10.3.1/../../../../arm-none-eabi/lib/thumb/v7e-m+fp/hard/crt0.o
LOAD ./Application/User/Core/app_debug.o
LOAD ./Application/User/Core/app_entry.o
LOAD ./Application/User/Core/hw_timerserver.o
LOAD ./Application/User/Core/hw_uart.o
LOAD ./Application/User/Core/main.o
LOAD ./Application/User/Core/stm32_lpm_if.o
LOAD ./Application/User/Core/stm32wbxx_hal_msp.o
LOAD ./Application/User/Core/stm32wbxx_it.o
LOAD ./Application/User/Core/syscalls.o
LOAD ./Application/User/Core/sysmem.o
LOAD ./Application/User/STM32_WPAN/App/app_ble.o
LOAD ./Application/User/STM32_WPAN/App/dis_app.o
LOAD ./Application/User/STM32_WPAN/App/hrs_app.o
LOAD ./Application/User/STM32_WPAN/Target/hw_ipcc.o
LOAD ./Application/User/Startup/startup_stm32wb55rgvx.o
LOAD ./Drivers/BSP/P-NUCLEO-WB55.Nucleo/stm32wbxx_nucleo.o
LOAD ./Drivers/CMSIS/system_stm32wbxx.o
LOAD ./Drivers/STM32WBxx_HAL_Driver/stm32wbxx_hal.o
LOAD ./Drivers/STM32WBxx_HAL_Driver/stm32wbxx_hal_cortex.o
LOAD ./Drivers/STM32WBxx_HAL_Driver/stm32wbxx_hal_dma.o
LOAD ./Drivers/STM32WBxx_HAL_Driver/stm32wbxx_hal_dma_ex.o
LOAD ./Drivers/STM32WBxx_HAL_Driver/stm32wbxx_hal_exti.o
LOAD ./Drivers/STM32WBxx_HAL_Driver/stm32wbxx_hal_flash.o
LOAD ./Drivers/STM32WBxx_HAL_Driver/stm32wbxx_hal_flash_ex.o
LOAD ./Drivers/STM32WBxx_HAL_Driver/stm32wbxx_hal_gpio.o
LOAD ./Drivers/STM32WBxx_HAL_Driver/stm32wbxx_hal_hsem.o
LOAD ./Drivers/STM32WBxx_HAL_Driver/stm32wbxx_hal_ipcc.o
LOAD ./Drivers/STM32WBxx_HAL_Driver/stm32wbxx_hal_pwr.o
LOAD ./Drivers/STM32WBxx_HAL_Driver/stm32wbxx_hal_pwr_ex.o
LOAD ./Drivers/STM32WBxx_HAL_Driver/stm32wbxx_hal_rcc.o
LOAD ./Drivers/STM32WBxx_HAL_Driver/stm32wbxx_hal_rcc_ex.o
LOAD ./Drivers/STM32WBxx_HAL_Driver/stm32wbxx_hal_rng.o
LOAD ./Drivers/STM32WBxx_HAL_Driver/stm32wbxx_hal_rtc.o
LOAD ./Drivers/STM32WBxx_HAL_Driver/stm32wbxx_hal_rtc_ex.o
LOAD ./Drivers/STM32WBxx_HAL_Driver/stm32wbxx_hal_tim.o
LOAD ./Drivers/STM32WBxx_HAL_Driver/stm32wbxx_hal_tim_ex.o
LOAD ./Drivers/STM32WBxx_HAL_Driver/stm32wbxx_hal_uart.o
LOAD ./Drivers/STM32WBxx_HAL_Driver/stm32wbxx_hal_uart_ex.o
LOAD ./Middlewares/STM32_WPAN/ble_gap_aci.o
LOAD ./Middlewares/STM32_WPAN/ble_gatt_aci.o
LOAD ./Middlewares/STM32_WPAN/ble_hal_aci.o
LOAD ./Middlewares/STM32_WPAN/ble_hci_le.o
LOAD ./Middlewares/STM32_WPAN/ble_l2cap_aci.o
LOAD ./Middlewares/STM32_WPAN/dbg_trace.o
LOAD ./Middlewares/STM32_WPAN/dis.o
LOAD ./Middlewares/STM32_WPAN/hci_tl.o
LOAD ./Middlewares/STM32_WPAN/hci_tl_if.o
LOAD ./Middlewares/STM32_WPAN/hrs.o
LOAD ./Middlewares/STM32_WPAN/osal.o
LOAD ./Middlewares/STM32_WPAN/otp.o
LOAD ./Middlewares/STM32_WPAN/shci.o
LOAD ./Middlewares/STM32_WPAN/shci_tl.o
LOAD ./Middlewares/STM32_WPAN/shci_tl_if.o
LOAD ./Middlewares/STM32_WPAN/stm_list.o
LOAD ./Middlewares/STM32_WPAN/stm_queue.o
LOAD ./Middlewares/STM32_WPAN/svc_ctl.o
LOAD ./Middlewares/STM32_WPAN/tl_mbox.o
LOAD ./Utilities/stm32_lpm.o
LOAD ./Utilities/stm32_seq.o
START GROUP
LOAD c:/st/stm32cubeide_1.12.0/stm32cubeide/plugins/com.st.stm32cube.ide.mcu.externaltools.gnu-tools-for-stm32.10.3-2021.10.win32_1.0.200.202301161003/tools/bin/../lib/gcc/arm-none-eabi/10.3.1/../../../../arm-none-eabi/lib/thumb/v7e-m+fp/hard\libc_nano.a
LOAD c:/st/stm32cubeide_1.12.0/stm32cubeide/plugins/com.st.stm32cube.ide.mcu.externaltools.gnu-tools-for-stm32.10.3-2021.10.win32_1.0.200.202301161003/tools/bin/../lib/gcc/arm-none-eabi/10.3.1/../../../../arm-none-eabi/lib/thumb/v7e-m+fp/hard\libm.a
END GROUP
START GROUP
LOAD c:/st/stm32cubeide_1.12.0/stm32cubeide/plugins/com.st.stm32cube.ide.mcu.externaltools.gnu-tools-for-stm32.10.3-2021.10.win32_1.0.200.202301161003/tools/bin/../lib/gcc/arm-none-eabi/10.3.1/thumb/v7e-m+fp/hard\libgcc.a
LOAD c:/st/stm32cubeide_1.12.0/stm32cubeide/plugins/com.st.stm32cube.ide.mcu.externaltools.gnu-tools-for-stm32.10.3-2021.10.win32_1.0.200.202301161003/tools/bin/../lib/gcc/arm-none-eabi/10.3.1/../../../../arm-none-eabi/lib/thumb/v7e-m+fp/hard\libc_nano.a
END GROUP
START GROUP
LOAD c:/st/stm32cubeide_1.12.0/stm32cubeide/plugins/com.st.stm32cube.ide.mcu.externaltools.gnu-tools-for-stm32.10.3-2021.10.win32_1.0.200.202301161003/tools/bin/../lib/gcc/arm-none-eabi/10.3.1/thumb/v7e-m+fp/hard\libgcc.a
LOAD c:/st/stm32cubeide_1.12.0/stm32cubeide/plugins/com.st.stm32cube.ide.mcu.externaltools.gnu-tools-for-stm32.10.3-2021.10.win32_1.0.200.202301161003/tools/bin/../lib/gcc/arm-none-eabi/10.3.1/../../../../arm-none-eabi/lib/thumb/v7e-m+fp/hard\libc_nano.a
LOAD c:/st/stm32cubeide_1.12.0/stm32cubeide/plugins/com.st.stm32cube.ide.mcu.externaltools.gnu-tools-for-stm32.10.3-2021.10.win32_1.0.200.202301161003/tools/bin/../lib/gcc/arm-none-eabi/10.3.1/../../../../arm-none-eabi/lib/thumb/v7e-m+fp/hard\libnosys.a
END GROUP
START GROUP
LOAD c:/st/stm32cubeide_1.12.0/stm32cubeide/plugins/com.st.stm32cube.ide.mcu.externaltools.gnu-tools-for-stm32.10.3-2021.10.win32_1.0.200.202301161003/tools/bin/../lib/gcc/arm-none-eabi/10.3.1/thumb/v7e-m+fp/hard\libgcc.a
LOAD c:/st/stm32cubeide_1.12.0/stm32cubeide/plugins/com.st.stm32cube.ide.mcu.externaltools.gnu-tools-for-stm32.10.3-2021.10.win32_1.0.200.202301161003/tools/bin/../lib/gcc/arm-none-eabi/10.3.1/../../../../arm-none-eabi/lib/thumb/v7e-m+fp/hard\libc_nano.a
LOAD c:/st/stm32cubeide_1.12.0/stm32cubeide/plugins/com.st.stm32cube.ide.mcu.externaltools.gnu-tools-for-stm32.10.3-2021.10.win32_1.0.200.202301161003/tools/bin/../lib/gcc/arm-none-eabi/10.3.1/../../../../arm-none-eabi/lib/thumb/v7e-m+fp/hard\libnosys.a
END GROUP
LOAD c:/st/stm32cubeide_1.12.0/stm32cubeide/plugins/com.st.stm32cube.ide.mcu.externaltools.gnu-tools-for-stm32.10.3-2021.10.win32_1.0.200.202301161003/tools/bin/../lib/gcc/arm-none-eabi/10.3.1/thumb/v7e-m+fp/hard/crtend.o
LOAD c:/st/stm32cubeide_1.12.0/stm32cubeide/plugins/com.st.stm32cube.ide.mcu.externaltools.gnu-tools-for-stm32.10.3-2021.10.win32_1.0.200.202301161003/tools/bin/../lib/gcc/arm-none-eabi/10.3.1/thumb/v7e-m+fp/hard/crtn.o
                0x0000000020030000                _estack = 0x20030000
                0x0000000000000400                _Min_Heap_Size = 0x400
                0x0000000000001000                _Min_Stack_Size = 0x1000

.isr_vector     0x0000000008000000      0x13c
                0x0000000008000000                . = ALIGN (0x4)
 *(.isr_vector)
 .isr_vector    0x0000000008000000      0x13c ./Application/User/Startup/startup_stm32wb55rgvx.o
                0x0000000008000000                g_pfnVectors
                0x000000000800013c                . = ALIGN (0x4)

.text           0x000000000800013c     0x4dac
                0x000000000800013c                . = ALIGN (0x4)
 *(.text)
 .text          0x000000000800013c       0x40 c:/st/stm32cubeide_1.12.0/stm32cubeide/plugins/com.st.stm32cube.ide.mcu.externaltools.gnu-tools-for-stm32.10.3-2021.10.win32_1.0.200.202301161003/tools/bin/../lib/gcc/arm-none-eabi/10.3.1/thumb/v7e-m+fp/hard/crtbegin.o
 .text          0x000000000800017c       0x14 c:/st/stm32cubeide_1.12.0/stm32cubeide/plugins/com.st.stm32cube.ide.mcu.externaltools.gnu-tools-for-stm32.10.3-2021.10.win32_1.0.200.202301161003/tools/bin/../lib/gcc/arm-none-eabi/10.3.1/../../../../arm-none-eabi/lib/thumb/v7e-m+fp/hard\libc_nano.a(lib_a-strcmp.o)
                0x000000000800017c                strcmp
 *(.text*)
 .text.LL_AHB2_GRP1_EnableClock
                0x0000000008000190       0x18 ./Application/User/Core/app_debug.o
 .text.LL_C2_AHB2_GRP1_EnableClock
                0x00000000080001a8       0x1e ./Application/User/Core/app_debug.o
 *fill*         0x00000000080001c6        0x2 
 .text.APPD_Init
                0x00000000080001c8      0x124 ./Application/User/Core/app_debug.o
                0x00000000080001c8                APPD_Init
 .text.APPD_EnableCPU2
                0x00000000080002ec       0x38 ./Application/User/Core/app_debug.o
                0x00000000080002ec                APPD_EnableCPU2
 .text.APPE_SysStatusNot
                0x0000000008000324        0x2 ./Application/User/Core/app_entry.o
 *fill*         0x0000000008000326        0x2 
 .text.RxCpltCallback
                0x0000000008000328       0x9c ./Application/User/Core/app_entry.o
 .text.APPE_SysUserEvtRx
                0x00000000080003c4       0x74 ./Application/User/Core/app_entry.o
 .text.MX_APPE_Config
                0x0000000008000438       0x38 ./Application/User/Core/app_entry.o
                0x0000000008000438                MX_APPE_Config
 .text.Init_Exti
                0x0000000008000470       0x14 ./Application/User/Core/app_entry.o
                0x0000000008000470                Init_Exti
 .text.MX_APPE_Init
                0x0000000008000484       0xe0 ./Application/User/Core/app_entry.o
                0x0000000008000484                MX_APPE_Init
 .text.HAL_Delay
                0x0000000008000564       0x34 ./Application/User/Core/app_entry.o
                0x0000000008000564                HAL_Delay
 .text.MX_APPE_Process
                0x0000000008000598        0x8 ./Application/User/Core/app_entry.o
                0x0000000008000598                MX_APPE_Process
 .text.UTIL_SEQ_Idle
                0x00000000080005a0        0x4 ./Application/User/Core/app_entry.o
                0x00000000080005a0                UTIL_SEQ_Idle
 .text.UTIL_SEQ_EvtIdle
                0x00000000080005a4        0x8 ./Application/User/Core/app_entry.o
                0x00000000080005a4                UTIL_SEQ_EvtIdle
 .text.shci_notify_asynch_evt
                0x00000000080005ac        0x8 ./Application/User/Core/app_entry.o
                0x00000000080005ac                shci_notify_asynch_evt
 .text.shci_cmd_resp_release
                0x00000000080005b4        0x6 ./Application/User/Core/app_entry.o
                0x00000000080005b4                shci_cmd_resp_release
 .text.shci_cmd_resp_wait
                0x00000000080005ba        0x6 ./Application/User/Core/app_entry.o
                0x00000000080005ba                shci_cmd_resp_wait
 .text.HAL_GPIO_EXTI_Callback
                0x00000000080005c0       0x1a ./Application/User/Core/app_entry.o
                0x00000000080005c0                HAL_GPIO_EXTI_Callback
 *fill*         0x00000000080005da        0x2 
 .text.ReadRtcSsrValue
                0x00000000080005dc       0x1c ./Application/User/Core/hw_timerserver.o
 .text.UnlinkTimer
                0x00000000080005f8       0x80 ./Application/User/Core/hw_timerserver.o
 .text.ReturnTimeElapsed
                0x0000000008000678       0x48 ./Application/User/Core/hw_timerserver.o
 .text.RescheduleTimerList
                0x00000000080006c0      0x114 ./Application/User/Core/hw_timerserver.o
 .text.HW_TS_Init
                0x00000000080007d4      0x130 ./Application/User/Core/hw_timerserver.o
                0x00000000080007d4                HW_TS_Init
 .text.HW_TS_Create
                0x0000000008000904       0x54 ./Application/User/Core/hw_timerserver.o
                0x0000000008000904                HW_TS_Create
 .text.HW_TS_Stop
                0x0000000008000958       0xb0 ./Application/User/Core/hw_timerserver.o
                0x0000000008000958                HW_TS_Stop
 .text.HW_TS_Start
                0x0000000008000a08      0x158 ./Application/User/Core/hw_timerserver.o
                0x0000000008000a08                HW_TS_Start
 .text.HW_TS_RTC_Int_AppNot
                0x0000000008000b60        0x2 ./Application/User/Core/hw_timerserver.o
                0x0000000008000b60                HW_TS_RTC_Int_AppNot
 *fill*         0x0000000008000b62        0x2 
 .text.HW_TS_RTC_Wakeup_Handler
                0x0000000008000b64       0xc4 ./Application/User/Core/hw_timerserver.o
                0x0000000008000b64                HW_TS_RTC_Wakeup_Handler
 .text.HW_UART_Receive_IT
                0x0000000008000c28       0x20 ./Application/User/Core/hw_uart.o
                0x0000000008000c28                HW_UART_Receive_IT
 .text.HAL_UART_RxCpltCallback
                0x0000000008000c48       0x1c ./Application/User/Core/hw_uart.o
                0x0000000008000c48                HAL_UART_RxCpltCallback
 .text.HAL_UART_TxCpltCallback
                0x0000000008000c64       0x1c ./Application/User/Core/hw_uart.o
                0x0000000008000c64                HAL_UART_TxCpltCallback
 .text.LL_AHB1_GRP1_EnableClock
                0x0000000008000c80       0x18 ./Application/User/Core/main.o
 .text.LL_AHB2_GRP1_EnableClock
                0x0000000008000c98       0x18 ./Application/User/Core/main.o
 .text.SystemClock_Config
                0x0000000008000cb0       0x8a ./Application/User/Core/main.o
                0x0000000008000cb0                SystemClock_Config
 .text.PeriphCommonClock_Config
                0x0000000008000d3a       0x2e ./Application/User/Core/main.o
                0x0000000008000d3a                PeriphCommonClock_Config
 .text.startup.main
                0x0000000008000d68       0xbc ./Application/User/Core/main.o
                0x0000000008000d68                main
 .text.Error_Handler
                0x0000000008000e24        0x2 ./Application/User/Core/main.o
                0x0000000008000e24                Error_Handler
 *fill*         0x0000000008000e26        0x2 
 .text.PWR_EnterSleepMode
                0x0000000008000e28       0x18 ./Application/User/Core/stm32_lpm_if.o
                0x0000000008000e28                PWR_EnterSleepMode
 .text.PWR_ExitOffMode
                0x0000000008000e40        0x4 ./Application/User/Core/stm32_lpm_if.o
                0x0000000008000e40                PWR_ExitOffMode
 .text.PWR_ExitStopMode
                0x0000000008000e44       0x6c ./Application/User/Core/stm32_lpm_if.o
                0x0000000008000e44                PWR_ExitStopMode
 .text.PWR_ExitSleepMode
                0x0000000008000eb0        0x4 ./Application/User/Core/stm32_lpm_if.o
                0x0000000008000eb0                PWR_ExitSleepMode
 .text.Switch_On_HSI
                0x0000000008000eb4       0x36 ./Application/User/Core/stm32_lpm_if.o
 *fill*         0x0000000008000eea        0x2 
 .text.EnterLowPower
                0x0000000008000eec       0x5c ./Application/User/Core/stm32_lpm_if.o
 .text.PWR_EnterOffMode
                0x0000000008000f48       0x34 ./Application/User/Core/stm32_lpm_if.o
                0x0000000008000f48                PWR_EnterOffMode
 .text.PWR_EnterStopMode
                0x0000000008000f7c       0x30 ./Application/User/Core/stm32_lpm_if.o
                0x0000000008000f7c                PWR_EnterStopMode
 .text.LL_AHB3_GRP1_EnableClock
                0x0000000008000fac       0x18 ./Application/User/Core/stm32wbxx_hal_msp.o
 .text.HAL_MspInit
                0x0000000008000fc4       0x1e ./Application/User/Core/stm32wbxx_hal_msp.o
                0x0000000008000fc4                HAL_MspInit
 *fill*         0x0000000008000fe2        0x2 
 .text.HAL_IPCC_MspInit
                0x0000000008000fe4       0x3c ./Application/User/Core/stm32wbxx_hal_msp.o
                0x0000000008000fe4                HAL_IPCC_MspInit
 .text.HAL_RNG_MspInit
                0x0000000008001020       0x40 ./Application/User/Core/stm32wbxx_hal_msp.o
                0x0000000008001020                HAL_RNG_MspInit
 .text.HAL_RTC_MspInit
                0x0000000008001060       0x6c ./Application/User/Core/stm32wbxx_hal_msp.o
                0x0000000008001060                HAL_RTC_MspInit
 .text.NMI_Handler
                0x00000000080010cc        0x2 ./Application/User/Core/stm32wbxx_it.o
                0x00000000080010cc                NMI_Handler
 .text.HardFault_Handler
                0x00000000080010ce        0x2 ./Application/User/Core/stm32wbxx_it.o
                0x00000000080010ce                HardFault_Handler
 .text.MemManage_Handler
                0x00000000080010d0        0x2 ./Application/User/Core/stm32wbxx_it.o
                0x00000000080010d0                MemManage_Handler
 .text.BusFault_Handler
                0x00000000080010d2        0x2 ./Application/User/Core/stm32wbxx_it.o
                0x00000000080010d2                BusFault_Handler
 .text.UsageFault_Handler
                0x00000000080010d4        0x2 ./Application/User/Core/stm32wbxx_it.o
                0x00000000080010d4                UsageFault_Handler
 .text.SVC_Handler
                0x00000000080010d6        0x2 ./Application/User/Core/stm32wbxx_it.o
                0x00000000080010d6                SVC_Handler
 .text.DebugMon_Handler
                0x00000000080010d8        0x2 ./Application/User/Core/stm32wbxx_it.o
                0x00000000080010d8                DebugMon_Handler
 .text.PendSV_Handler
                0x00000000080010da        0x2 ./Application/User/Core/stm32wbxx_it.o
                0x00000000080010da                PendSV_Handler
 .text.SysTick_Handler
                0x00000000080010dc        0x4 ./Application/User/Core/stm32wbxx_it.o
                0x00000000080010dc                SysTick_Handler
 .text.RTC_WKUP_IRQHandler
                0x00000000080010e0        0x4 ./Application/User/Core/stm32wbxx_it.o
                0x00000000080010e0                RTC_WKUP_IRQHandler
 .text.DMA1_Channel4_IRQHandler
                0x00000000080010e4        0xc ./Application/User/Core/stm32wbxx_it.o
                0x00000000080010e4                DMA1_Channel4_IRQHandler
 .text.USART1_IRQHandler
                0x00000000080010f0        0xc ./Application/User/Core/stm32wbxx_it.o
                0x00000000080010f0                USART1_IRQHandler
 .text.LPUART1_IRQHandler
                0x00000000080010fc        0xc ./Application/User/Core/stm32wbxx_it.o
                0x00000000080010fc                LPUART1_IRQHandler
 .text.IPCC_C1_RX_IRQHandler
                0x0000000008001108        0x4 ./Application/User/Core/stm32wbxx_it.o
                0x0000000008001108                IPCC_C1_RX_IRQHandler
 .text.IPCC_C1_TX_IRQHandler
                0x000000000800110c        0x4 ./Application/User/Core/stm32wbxx_it.o
                0x000000000800110c                IPCC_C1_TX_IRQHandler
 .text.HSEM_IRQHandler
                0x0000000008001110        0x4 ./Application/User/Core/stm32wbxx_it.o
                0x0000000008001110                HSEM_IRQHandler
 .text.DMA2_Channel4_IRQHandler
                0x0000000008001114        0xc ./Application/User/Core/stm32wbxx_it.o
                0x0000000008001114                DMA2_Channel4_IRQHandler
 .text.EXTI4_IRQHandler
                0x0000000008001120        0x6 ./Application/User/Core/stm32wbxx_it.o
                0x0000000008001120                EXTI4_IRQHandler
 .text.EXTI0_IRQHandler
                0x0000000008001126        0x6 ./Application/User/Core/stm32wbxx_it.o
                0x0000000008001126                EXTI0_IRQHandler
 .text.EXTI1_IRQHandler
                0x000000000800112c        0x6 ./Application/User/Core/stm32wbxx_it.o
                0x000000000800112c                EXTI1_IRQHandler
 .text.Adv_Mgr  0x0000000008001132        0x8 ./Application/User/STM32_WPAN/App/app_ble.o
 .text.BLE_UserEvtRx
                0x000000000800113a       0x16 ./Application/User/STM32_WPAN/App/app_ble.o
 .text.BLE_StatusNot
                0x0000000008001150       0x14 ./Application/User/STM32_WPAN/App/app_ble.o
 .text.Adv_Request
                0x0000000008001164       0xa0 ./Application/User/STM32_WPAN/App/app_ble.o
 .text.Adv_Update
                0x0000000008001204        0x6 ./Application/User/STM32_WPAN/App/app_ble.o
 *fill*         0x000000000800120a        0x2 
 .text.APP_BLE_Init
                0x000000000800120c      0x1f4 ./Application/User/STM32_WPAN/App/app_ble.o
                0x000000000800120c                APP_BLE_Init
 .text.SVCCTL_App_Notification
                0x0000000008001400       0xbc ./Application/User/STM32_WPAN/App/app_ble.o
                0x0000000008001400                SVCCTL_App_Notification
 .text.APP_BLE_Key_Button1_Action
                0x00000000080014bc        0x4 ./Application/User/STM32_WPAN/App/app_ble.o
                0x00000000080014bc                APP_BLE_Key_Button1_Action
 .text.APP_BLE_Key_Button2_Action
                0x00000000080014c0        0xc ./Application/User/STM32_WPAN/App/app_ble.o
                0x00000000080014c0                APP_BLE_Key_Button2_Action
 .text.APP_BLE_Key_Button3_Action
                0x00000000080014cc       0x44 ./Application/User/STM32_WPAN/App/app_ble.o
                0x00000000080014cc                APP_BLE_Key_Button3_Action
 .text.hci_notify_asynch_evt
                0x0000000008001510        0x8 ./Application/User/STM32_WPAN/App/app_ble.o
                0x0000000008001510                hci_notify_asynch_evt
 .text.hci_cmd_resp_release
                0x0000000008001518        0x6 ./Application/User/STM32_WPAN/App/app_ble.o
                0x0000000008001518                hci_cmd_resp_release
 .text.hci_cmd_resp_wait
                0x000000000800151e        0x6 ./Application/User/STM32_WPAN/App/app_ble.o
                0x000000000800151e                hci_cmd_resp_wait
 .text.DISAPP_Init
                0x0000000008001524       0x20 ./Application/User/STM32_WPAN/App/dis_app.o
                0x0000000008001524                DISAPP_Init
 .text.HRSAPP_Measurement
                0x0000000008001544       0x40 ./Application/User/STM32_WPAN/App/hrs_app.o
 .text.HrMeas   0x0000000008001584        0x8 ./Application/User/STM32_WPAN/App/hrs_app.o
 .text.HRS_Notification
                0x000000000800158c       0x40 ./Application/User/STM32_WPAN/App/hrs_app.o
                0x000000000800158c                HRS_Notification
 .text.HRSAPP_Init
                0x00000000080015cc       0x50 ./Application/User/STM32_WPAN/App/hrs_app.o
                0x00000000080015cc                HRSAPP_Init
 .text.HW_IPCC_Enable
                0x000000000800161c       0x50 ./Application/User/STM32_WPAN/Target/hw_ipcc.o
                0x000000000800161c                HW_IPCC_Enable
 .text.HW_IPCC_Init
                0x000000000800166c       0x40 ./Application/User/STM32_WPAN/Target/hw_ipcc.o
                0x000000000800166c                HW_IPCC_Init
 .text.HW_IPCC_BLE_Init
                0x00000000080016ac       0x10 ./Application/User/STM32_WPAN/Target/hw_ipcc.o
                0x00000000080016ac                HW_IPCC_BLE_Init
 .text.HW_IPCC_BLE_SendCmd
                0x00000000080016bc       0x10 ./Application/User/STM32_WPAN/Target/hw_ipcc.o
                0x00000000080016bc                HW_IPCC_BLE_SendCmd
 .text.HW_IPCC_SYS_Init
                0x00000000080016cc       0x10 ./Application/User/STM32_WPAN/Target/hw_ipcc.o
                0x00000000080016cc                HW_IPCC_SYS_Init
 .text.HW_IPCC_SYS_SendCmd
                0x00000000080016dc       0x18 ./Application/User/STM32_WPAN/Target/hw_ipcc.o
                0x00000000080016dc                HW_IPCC_SYS_SendCmd
 .text.HW_IPCC_Tx_Handler
                0x00000000080016f4       0x64 ./Application/User/STM32_WPAN/Target/hw_ipcc.o
                0x00000000080016f4                HW_IPCC_Tx_Handler
 .text.HW_IPCC_MM_SendFreeBuf
                0x0000000008001758       0x2c ./Application/User/STM32_WPAN/Target/hw_ipcc.o
                0x0000000008001758                HW_IPCC_MM_SendFreeBuf
 .text.HW_IPCC_TRACES_Init
                0x0000000008001784       0x10 ./Application/User/STM32_WPAN/Target/hw_ipcc.o
                0x0000000008001784                HW_IPCC_TRACES_Init
 .text.HW_IPCC_Rx_Handler
                0x0000000008001794       0x48 ./Application/User/STM32_WPAN/Target/hw_ipcc.o
                0x0000000008001794                HW_IPCC_Rx_Handler
 .text.data_initializers
                0x00000000080017dc       0x18 ./Application/User/Startup/startup_stm32wb55rgvx.o
 .text.Reset_Handler
                0x00000000080017f4       0x54 ./Application/User/Startup/startup_stm32wb55rgvx.o
                0x00000000080017f4                Reset_Handler
 .text.Default_Handler
                0x0000000008001848        0x2 ./Application/User/Startup/startup_stm32wb55rgvx.o
                0x0000000008001848                RTC_Alarm_IRQHandler
                0x0000000008001848                EXTI2_IRQHandler
                0x0000000008001848                TIM1_CC_IRQHandler
                0x0000000008001848                TSC_IRQHandler
                0x0000000008001848                USB_HP_IRQHandler
                0x0000000008001848                EXTI3_IRQHandler
                0x0000000008001848                LPTIM2_IRQHandler
                0x0000000008001848                I2C3_ER_IRQHandler
                0x0000000008001848                FPU_IRQHandler
                0x0000000008001848                TIM1_UP_TIM16_IRQHandler
                0x0000000008001848                AES1_IRQHandler
                0x0000000008001848                SPI1_IRQHandler
                0x0000000008001848                PWR_SOTF_BLEACT_802ACT_RFPHASE_IRQHandler
                0x0000000008001848                DMA2_Channel2_IRQHandler
                0x0000000008001848                ADC1_IRQHandler
                0x0000000008001848                PKA_IRQHandler
                0x0000000008001848                DMA1_Channel7_IRQHandler
                0x0000000008001848                LCD_IRQHandler
                0x0000000008001848                DMA2_Channel1_IRQHandler
                0x0000000008001848                QUADSPI_IRQHandler
                0x0000000008001848                I2C1_EV_IRQHandler
                0x0000000008001848                DMAMUX1_OVR_IRQHandler
                0x0000000008001848                DMA1_Channel6_IRQHandler
                0x0000000008001848                RCC_IRQHandler
                0x0000000008001848                DMA1_Channel1_IRQHandler
                0x0000000008001848                Default_Handler
                0x0000000008001848                DMA2_Channel7_IRQHandler
                0x0000000008001848                EXTI15_10_IRQHandler
                0x0000000008001848                C2SEV_PWR_C2H_IRQHandler
                0x0000000008001848                AES2_IRQHandler
                0x0000000008001848                I2C3_EV_IRQHandler
                0x0000000008001848                EXTI9_5_IRQHandler
                0x0000000008001848                PVD_PVM_IRQHandler
                0x0000000008001848                SPI2_IRQHandler
                0x0000000008001848                DMA2_Channel5_IRQHandler
                0x0000000008001848                CRS_IRQHandler
                0x0000000008001848                DMA1_Channel5_IRQHandler
                0x0000000008001848                USB_LP_IRQHandler
                0x0000000008001848                RNG_IRQHandler
                0x0000000008001848                TIM1_TRG_COM_TIM17_IRQHandler
                0x0000000008001848                TAMP_STAMP_LSECSS_IRQHandler
                0x0000000008001848                DMA1_Channel3_IRQHandler
                0x0000000008001848                COMP_IRQHandler
                0x0000000008001848                WWDG_IRQHandler
                0x0000000008001848                DMA2_Channel6_IRQHandler
                0x0000000008001848                TIM2_IRQHandler
                0x0000000008001848                TIM1_BRK_IRQHandler
                0x0000000008001848                DMA1_Channel2_IRQHandler
                0x0000000008001848                FLASH_IRQHandler
                0x0000000008001848                I2C1_ER_IRQHandler
                0x0000000008001848                LPTIM1_IRQHandler
                0x0000000008001848                SAI1_IRQHandler
                0x0000000008001848                DMA2_Channel3_IRQHandler
 .text.LL_AHB2_GRP1_EnableClock
                0x000000000800184a       0x18 ./Drivers/BSP/P-NUCLEO-WB55.Nucleo/stm32wbxx_nucleo.o
 *fill*         0x0000000008001862        0x2 
 .text.BSP_PB_Init
                0x0000000008001864       0x90 ./Drivers/BSP/P-NUCLEO-WB55.Nucleo/stm32wbxx_nucleo.o
                0x0000000008001864                BSP_PB_Init
 .text.SystemInit
                0x00000000080018f4       0x68 ./Drivers/CMSIS/system_stm32wbxx.o
                0x00000000080018f4                SystemInit
 .text.HAL_InitTick
                0x000000000800195c       0x4c ./Drivers/STM32WBxx_HAL_Driver/stm32wbxx_hal.o
                0x000000000800195c                HAL_InitTick
 .text.HAL_Init
                0x00000000080019a8       0x2c ./Drivers/STM32WBxx_HAL_Driver/stm32wbxx_hal.o
                0x00000000080019a8                HAL_Init
 .text.HAL_IncTick
                0x00000000080019d4       0x18 ./Drivers/STM32WBxx_HAL_Driver/stm32wbxx_hal.o
                0x00000000080019d4                HAL_IncTick
 .text.HAL_GetTick
                0x00000000080019ec        0xc ./Drivers/STM32WBxx_HAL_Driver/stm32wbxx_hal.o
                0x00000000080019ec                HAL_GetTick
 .text.HAL_GetTickPrio
                0x00000000080019f8        0xc ./Drivers/STM32WBxx_HAL_Driver/stm32wbxx_hal.o
                0x00000000080019f8                HAL_GetTickPrio
 .text.HAL_GetTickFreq
                0x0000000008001a04        0xc ./Drivers/STM32WBxx_HAL_Driver/stm32wbxx_hal.o
                0x0000000008001a04                HAL_GetTickFreq
 .text.HAL_SuspendTick
                0x0000000008001a10        0xe ./Drivers/STM32WBxx_HAL_Driver/stm32wbxx_hal.o
                0x0000000008001a10                HAL_SuspendTick
 .text.HAL_ResumeTick
                0x0000000008001a1e        0xe ./Drivers/STM32WBxx_HAL_Driver/stm32wbxx_hal.o
                0x0000000008001a1e                HAL_ResumeTick
 .text.HAL_DBGMCU_DisableDBGSleepMode
                0x0000000008001a2c       0x10 ./Drivers/STM32WBxx_HAL_Driver/stm32wbxx_hal.o
                0x0000000008001a2c                HAL_DBGMCU_DisableDBGSleepMode
 .text.HAL_DBGMCU_DisableDBGStopMode
                0x0000000008001a3c       0x10 ./Drivers/STM32WBxx_HAL_Driver/stm32wbxx_hal.o
                0x0000000008001a3c                HAL_DBGMCU_DisableDBGStopMode
 .text.HAL_DBGMCU_DisableDBGStandbyMode
                0x0000000008001a4c       0x10 ./Drivers/STM32WBxx_HAL_Driver/stm32wbxx_hal.o
                0x0000000008001a4c                HAL_DBGMCU_DisableDBGStandbyMode
 .text.HAL_NVIC_SetPriorityGrouping
                0x0000000008001a5c       0x24 ./Drivers/STM32WBxx_HAL_Driver/stm32wbxx_hal_cortex.o
                0x0000000008001a5c                HAL_NVIC_SetPriorityGrouping
 .text.HAL_NVIC_SetPriority
                0x0000000008001a80       0x64 ./Drivers/STM32WBxx_HAL_Driver/stm32wbxx_hal_cortex.o
                0x0000000008001a80                HAL_NVIC_SetPriority
 .text.HAL_NVIC_EnableIRQ
                0x0000000008001ae4       0x1c ./Drivers/STM32WBxx_HAL_Driver/stm32wbxx_hal_cortex.o
                0x0000000008001ae4                HAL_NVIC_EnableIRQ
 .text.HAL_NVIC_DisableIRQ
                0x0000000008001b00       0x28 ./Drivers/STM32WBxx_HAL_Driver/stm32wbxx_hal_cortex.o
                0x0000000008001b00                HAL_NVIC_DisableIRQ
 .text.HAL_SYSTICK_Config
                0x0000000008001b28       0x28 ./Drivers/STM32WBxx_HAL_Driver/stm32wbxx_hal_cortex.o
                0x0000000008001b28                HAL_SYSTICK_Config
 .text.HAL_NVIC_SetPendingIRQ
                0x0000000008001b50       0x20 ./Drivers/STM32WBxx_HAL_Driver/stm32wbxx_hal_cortex.o
                0x0000000008001b50                HAL_NVIC_SetPendingIRQ
 .text.HAL_NVIC_ClearPendingIRQ
                0x0000000008001b70       0x20 ./Drivers/STM32WBxx_HAL_Driver/stm32wbxx_hal_cortex.o
                0x0000000008001b70                HAL_NVIC_ClearPendingIRQ
 .text.HAL_DMA_Abort
                0x0000000008001b90       0x6a ./Drivers/STM32WBxx_HAL_Driver/stm32wbxx_hal_dma.o
                0x0000000008001b90                HAL_DMA_Abort
 .text.HAL_DMA_Abort_IT
                0x0000000008001bfa       0x6e ./Drivers/STM32WBxx_HAL_Driver/stm32wbxx_hal_dma.o
                0x0000000008001bfa                HAL_DMA_Abort_IT
 .text.HAL_DMA_IRQHandler
                0x0000000008001c68       0x94 ./Drivers/STM32WBxx_HAL_Driver/stm32wbxx_hal_dma.o
                0x0000000008001c68                HAL_DMA_IRQHandler
 .text.HAL_EXTI_GenerateSWI
                0x0000000008001cfc       0x1a ./Drivers/STM32WBxx_HAL_Driver/stm32wbxx_hal_exti.o
                0x0000000008001cfc                HAL_EXTI_GenerateSWI
 *fill*         0x0000000008001d16        0x2 
 .text.HAL_GPIO_Init
                0x0000000008001d18      0x16c ./Drivers/STM32WBxx_HAL_Driver/stm32wbxx_hal_gpio.o
                0x0000000008001d18                HAL_GPIO_Init
 .text.HAL_GPIO_WritePin
                0x0000000008001e84        0xa ./Drivers/STM32WBxx_HAL_Driver/stm32wbxx_hal_gpio.o
                0x0000000008001e84                HAL_GPIO_WritePin
 *fill*         0x0000000008001e8e        0x2 
 .text.HAL_GPIO_EXTI_IRQHandler
                0x0000000008001e90       0x18 ./Drivers/STM32WBxx_HAL_Driver/stm32wbxx_hal_gpio.o
                0x0000000008001e90                HAL_GPIO_EXTI_IRQHandler
 .text.HAL_HSEM_FreeCallback
                0x0000000008001ea8        0x2 ./Drivers/STM32WBxx_HAL_Driver/stm32wbxx_hal_hsem.o
                0x0000000008001ea8                HAL_HSEM_FreeCallback
 *fill*         0x0000000008001eaa        0x2 
 .text.HAL_HSEM_IRQHandler
                0x0000000008001eac       0x1c ./Drivers/STM32WBxx_HAL_Driver/stm32wbxx_hal_hsem.o
                0x0000000008001eac                HAL_HSEM_IRQHandler
 .text.HAL_IPCC_TxCallback
                0x0000000008001ec8        0x2 ./Drivers/STM32WBxx_HAL_Driver/stm32wbxx_hal_ipcc.o
                0x0000000008001ec8                HAL_IPCC_TxCallback
 .text.HAL_IPCC_RxCallback
                0x0000000008001eca        0x2 ./Drivers/STM32WBxx_HAL_Driver/stm32wbxx_hal_ipcc.o
                0x0000000008001eca                HAL_IPCC_RxCallback
 .text.IPCC_SetDefaultCallbacks
                0x0000000008001ecc       0x1c ./Drivers/STM32WBxx_HAL_Driver/stm32wbxx_hal_ipcc.o
                0x0000000008001ecc                IPCC_SetDefaultCallbacks
 .text.HAL_IPCC_Init
                0x0000000008001ee8       0x44 ./Drivers/STM32WBxx_HAL_Driver/stm32wbxx_hal_ipcc.o
                0x0000000008001ee8                HAL_IPCC_Init
 .text.HAL_PWR_EnableBkUpAccess
                0x0000000008001f2c       0x10 ./Drivers/STM32WBxx_HAL_Driver/stm32wbxx_hal_pwr.o
                0x0000000008001f2c                HAL_PWR_EnableBkUpAccess
 .text.HAL_PWREx_GetVoltageRange
                0x0000000008001f3c       0x10 ./Drivers/STM32WBxx_HAL_Driver/stm32wbxx_hal_pwr_ex.o
                0x0000000008001f3c                HAL_PWREx_GetVoltageRange
 .text.LL_RCC_LSI1_IsReady
                0x0000000008001f4c        0xe ./Drivers/STM32WBxx_HAL_Driver/stm32wbxx_hal_rcc.o
 .text.LL_RCC_MSI_IsReady
                0x0000000008001f5a        0xc ./Drivers/STM32WBxx_HAL_Driver/stm32wbxx_hal_rcc.o
 .text.LL_RCC_MSI_SetRange
                0x0000000008001f66       0x10 ./Drivers/STM32WBxx_HAL_Driver/stm32wbxx_hal_rcc.o
 .text.LL_RCC_MSI_SetCalibTrimming
                0x0000000008001f76       0x12 ./Drivers/STM32WBxx_HAL_Driver/stm32wbxx_hal_rcc.o
 .text.RCC_SetFlashLatencyFromMSIRange
                0x0000000008001f88       0xe8 ./Drivers/STM32WBxx_HAL_Driver/stm32wbxx_hal_rcc.o
 .text.HAL_RCC_GetSysClockFreq
                0x0000000008002070       0xa4 ./Drivers/STM32WBxx_HAL_Driver/stm32wbxx_hal_rcc.o
                0x0000000008002070                HAL_RCC_GetSysClockFreq
 .text.HAL_RCC_GetHCLKFreq
                0x0000000008002114       0x20 ./Drivers/STM32WBxx_HAL_Driver/stm32wbxx_hal_rcc.o
                0x0000000008002114                HAL_RCC_GetHCLKFreq
 .text.HAL_RCC_OscConfig
                0x0000000008002134      0x590 ./Drivers/STM32WBxx_HAL_Driver/stm32wbxx_hal_rcc.o
                0x0000000008002134                HAL_RCC_OscConfig
 .text.HAL_RCC_ClockConfig
                0x00000000080026c4      0x200 ./Drivers/STM32WBxx_HAL_Driver/stm32wbxx_hal_rcc.o
                0x00000000080026c4                HAL_RCC_ClockConfig
 .text.LL_RCC_LSE_IsReady
                0x00000000080028c4        0xe ./Drivers/STM32WBxx_HAL_Driver/stm32wbxx_hal_rcc_ex.o
 .text.LL_RCC_SetI2CClockSource
                0x00000000080028d2       0x20 ./Drivers/STM32WBxx_HAL_Driver/stm32wbxx_hal_rcc_ex.o
 .text.LL_RCC_PLLSAI1_Enable
                0x00000000080028f2        0xe ./Drivers/STM32WBxx_HAL_Driver/stm32wbxx_hal_rcc_ex.o
 .text.LL_RCC_PLLSAI1_Disable
                0x0000000008002900        0xe ./Drivers/STM32WBxx_HAL_Driver/stm32wbxx_hal_rcc_ex.o
 .text.LL_RCC_PLLSAI1_IsReady
                0x000000000800290e        0xc ./Drivers/STM32WBxx_HAL_Driver/stm32wbxx_hal_rcc_ex.o
 .text.HAL_RCCEx_PeriphCLKConfig
                0x000000000800291a      0x38a ./Drivers/STM32WBxx_HAL_Driver/stm32wbxx_hal_rcc_ex.o
                0x000000000800291a                HAL_RCCEx_PeriphCLKConfig
 .text.HAL_RNG_Init
                0x0000000008002ca4       0x3c ./Drivers/STM32WBxx_HAL_Driver/stm32wbxx_hal_rng.o
                0x0000000008002ca4                HAL_RNG_Init
 .text.HAL_RTC_WaitForSynchro
                0x0000000008002ce0       0x30 ./Drivers/STM32WBxx_HAL_Driver/stm32wbxx_hal_rtc.o
                0x0000000008002ce0                HAL_RTC_WaitForSynchro
 .text.RTC_EnterInitMode
                0x0000000008002d10       0x34 ./Drivers/STM32WBxx_HAL_Driver/stm32wbxx_hal_rtc.o
                0x0000000008002d10                RTC_EnterInitMode
 .text.HAL_RTC_Init
                0x0000000008002d44       0xc4 ./Drivers/STM32WBxx_HAL_Driver/stm32wbxx_hal_rtc.o
                0x0000000008002d44                HAL_RTC_Init
 .text.HAL_RTCEx_SetWakeUpTimer_IT
                0x0000000008002e08       0xf0 ./Drivers/STM32WBxx_HAL_Driver/stm32wbxx_hal_rtc_ex.o
                0x0000000008002e08                HAL_RTCEx_SetWakeUpTimer_IT
 .text.UART_EndRxTransfer
                0x0000000008002ef8       0x58 ./Drivers/STM32WBxx_HAL_Driver/stm32wbxx_hal_uart.o
 .text.HAL_UART_ErrorCallback
                0x0000000008002f50        0x2 ./Drivers/STM32WBxx_HAL_Driver/stm32wbxx_hal_uart.o
                0x0000000008002f50                HAL_UART_ErrorCallback
 .text.UART_DMAAbortOnError
                0x0000000008002f52       0x14 ./Drivers/STM32WBxx_HAL_Driver/stm32wbxx_hal_uart.o
 .text.HAL_UARTEx_RxEventCallback
                0x0000000008002f66        0x2 ./Drivers/STM32WBxx_HAL_Driver/stm32wbxx_hal_uart.o
                0x0000000008002f66                HAL_UARTEx_RxEventCallback
 .text.HAL_UART_IRQHandler
                0x0000000008002f68      0x2fc ./Drivers/STM32WBxx_HAL_Driver/stm32wbxx_hal_uart.o
                0x0000000008002f68                HAL_UART_IRQHandler
 .text.UART_RxISR_8BIT
                0x0000000008003264       0xcc ./Drivers/STM32WBxx_HAL_Driver/stm32wbxx_hal_uart.o
 .text.UART_RxISR_16BIT
                0x0000000008003330       0xc4 ./Drivers/STM32WBxx_HAL_Driver/stm32wbxx_hal_uart.o
 .text.UART_RxISR_8BIT_FIFOEN
                0x00000000080033f4      0x19c ./Drivers/STM32WBxx_HAL_Driver/stm32wbxx_hal_uart.o
 .text.UART_RxISR_16BIT_FIFOEN
                0x0000000008003590      0x198 ./Drivers/STM32WBxx_HAL_Driver/stm32wbxx_hal_uart.o
 .text.UART_Start_Receive_IT
                0x0000000008003728      0x114 ./Drivers/STM32WBxx_HAL_Driver/stm32wbxx_hal_uart.o
                0x0000000008003728                UART_Start_Receive_IT
 .text.HAL_UART_Receive_IT
                0x000000000800383c       0x44 ./Drivers/STM32WBxx_HAL_Driver/stm32wbxx_hal_uart.o
                0x000000000800383c                HAL_UART_Receive_IT
 .text.HAL_UARTEx_WakeupCallback
                0x0000000008003880        0x2 ./Drivers/STM32WBxx_HAL_Driver/stm32wbxx_hal_uart_ex.o
                0x0000000008003880                HAL_UARTEx_WakeupCallback
 .text.HAL_UARTEx_RxFifoFullCallback
                0x0000000008003882        0x2 ./Drivers/STM32WBxx_HAL_Driver/stm32wbxx_hal_uart_ex.o
                0x0000000008003882                HAL_UARTEx_RxFifoFullCallback
 .text.HAL_UARTEx_TxFifoEmptyCallback
                0x0000000008003884        0x2 ./Drivers/STM32WBxx_HAL_Driver/stm32wbxx_hal_uart_ex.o
                0x0000000008003884                HAL_UARTEx_TxFifoEmptyCallback
 *fill*         0x0000000008003886        0x2 
 .text.aci_gap_set_non_discoverable
                0x0000000008003888       0x3c ./Middlewares/STM32_WPAN/ble_gap_aci.o
                0x0000000008003888                aci_gap_set_non_discoverable
 .text.aci_gap_set_discoverable
                0x00000000080038c4       0xb0 ./Middlewares/STM32_WPAN/ble_gap_aci.o
                0x00000000080038c4                aci_gap_set_discoverable
 .text.aci_gap_set_io_capability
                0x0000000008003974       0x48 ./Middlewares/STM32_WPAN/ble_gap_aci.o
                0x0000000008003974                aci_gap_set_io_capability
 .text.aci_gap_set_authentication_requirement
                0x00000000080039bc       0x7c ./Middlewares/STM32_WPAN/ble_gap_aci.o
                0x00000000080039bc                aci_gap_set_authentication_requirement
 .text.aci_gap_pass_key_resp
                0x0000000008003a38       0x4c ./Middlewares/STM32_WPAN/ble_gap_aci.o
                0x0000000008003a38                aci_gap_pass_key_resp
 .text.aci_gap_init
                0x0000000008003a84       0x84 ./Middlewares/STM32_WPAN/ble_gap_aci.o
                0x0000000008003a84                aci_gap_init
 .text.aci_gap_slave_security_req
                0x0000000008003b08       0x4c ./Middlewares/STM32_WPAN/ble_gap_aci.o
                0x0000000008003b08                aci_gap_slave_security_req
 .text.aci_gap_update_adv_data
                0x0000000008003b54       0x54 ./Middlewares/STM32_WPAN/ble_gap_aci.o
                0x0000000008003b54                aci_gap_update_adv_data
 .text.aci_gap_configure_whitelist
                0x0000000008003ba8       0x3c ./Middlewares/STM32_WPAN/ble_gap_aci.o
                0x0000000008003ba8                aci_gap_configure_whitelist
 .text.aci_gap_clear_security_db
                0x0000000008003be4       0x3c ./Middlewares/STM32_WPAN/ble_gap_aci.o
                0x0000000008003be4                aci_gap_clear_security_db
 .text.aci_gap_allow_rebond
                0x0000000008003c20       0x48 ./Middlewares/STM32_WPAN/ble_gap_aci.o
                0x0000000008003c20                aci_gap_allow_rebond
 .text.aci_gap_numeric_comparison_value_confirm_yesno
                0x0000000008003c68       0x4c ./Middlewares/STM32_WPAN/ble_gap_aci.o
                0x0000000008003c68                aci_gap_numeric_comparison_value_confirm_yesno
 .text.aci_gatt_init
                0x0000000008003cb4       0x3c ./Middlewares/STM32_WPAN/ble_gatt_aci.o
                0x0000000008003cb4                aci_gatt_init
 .text.aci_gatt_add_service
                0x0000000008003cf0       0xa0 ./Middlewares/STM32_WPAN/ble_gatt_aci.o
                0x0000000008003cf0                aci_gatt_add_service
 .text.aci_gatt_add_char
                0x0000000008003d90       0xb8 ./Middlewares/STM32_WPAN/ble_gatt_aci.o
                0x0000000008003d90                aci_gatt_add_char
 .text.aci_gatt_update_char_value
                0x0000000008003e48       0x64 ./Middlewares/STM32_WPAN/ble_gatt_aci.o
                0x0000000008003e48                aci_gatt_update_char_value
 .text.aci_gatt_write_resp
                0x0000000008003eac       0x68 ./Middlewares/STM32_WPAN/ble_gatt_aci.o
                0x0000000008003eac                aci_gatt_write_resp
 .text.aci_hal_write_config_data
                0x0000000008003f14       0x5c ./Middlewares/STM32_WPAN/ble_hal_aci.o
                0x0000000008003f14                aci_hal_write_config_data
 .text.aci_hal_set_tx_power_level
                0x0000000008003f70       0x4c ./Middlewares/STM32_WPAN/ble_hal_aci.o
                0x0000000008003f70                aci_hal_set_tx_power_level
 .text.hci_reset
                0x0000000008003fbc       0x3a ./Middlewares/STM32_WPAN/ble_hci_le.o
                0x0000000008003fbc                hci_reset
 *fill*         0x0000000008003ff6        0x2 
 .text.hci_le_read_phy
                0x0000000008003ff8       0x60 ./Middlewares/STM32_WPAN/ble_hci_le.o
                0x0000000008003ff8                hci_le_read_phy
 .text.hci_le_set_default_phy
                0x0000000008004058       0x50 ./Middlewares/STM32_WPAN/ble_hci_le.o
                0x0000000008004058                hci_le_set_default_phy
 .text.hci_le_set_phy
                0x00000000080040a8       0x60 ./Middlewares/STM32_WPAN/ble_hci_le.o
                0x00000000080040a8                hci_le_set_phy
 .text.DIS_Init
                0x0000000008004108       0x54 ./Middlewares/STM32_WPAN/dis.o
                0x0000000008004108                DIS_Init
 .text.DIS_UpdateChar
                0x000000000800415c       0x2c ./Middlewares/STM32_WPAN/dis.o
                0x000000000800415c                DIS_UpdateChar
 .text.hci_init
                0x0000000008004188       0x54 ./Middlewares/STM32_WPAN/hci_tl.o
                0x0000000008004188                hci_init
 .text.hci_user_evt_proc
                0x00000000080041dc       0x6c ./Middlewares/STM32_WPAN/hci_tl.o
                0x00000000080041dc                hci_user_evt_proc
 .text.hci_send_req
                0x0000000008004248       0xc8 ./Middlewares/STM32_WPAN/hci_tl.o
                0x0000000008004248                hci_send_req
 .text.TlEvtReceived
                0x0000000008004310       0x34 ./Middlewares/STM32_WPAN/hci_tl.o
 .text.hci_register_io_bus
                0x0000000008004344       0x14 ./Middlewares/STM32_WPAN/hci_tl_if.o
                0x0000000008004344                hci_register_io_bus
 .text.HeartRate_Event_Handler
                0x0000000008004358       0x98 ./Middlewares/STM32_WPAN/hrs.o
 .text.HRS_Init
                0x00000000080043f0       0xb4 ./Middlewares/STM32_WPAN/hrs.o
                0x00000000080043f0                HRS_Init
 .text.HRS_UpdateChar
                0x00000000080044a4       0xb0 ./Middlewares/STM32_WPAN/hrs.o
                0x00000000080044a4                HRS_UpdateChar
 .text.Osal_MemCpy
                0x0000000008004554        0x4 ./Middlewares/STM32_WPAN/osal.o
                0x0000000008004554                Osal_MemCpy
 .text.Osal_MemSet
                0x0000000008004558        0x4 ./Middlewares/STM32_WPAN/osal.o
                0x0000000008004558                Osal_MemSet
 .text.OTP_Read
                0x000000000800455c       0x20 ./Middlewares/STM32_WPAN/otp.o
                0x000000000800455c                OTP_Read
 .text.SHCI_C2_BLE_Init
                0x000000000800457c       0x1c ./Middlewares/STM32_WPAN/shci.o
                0x000000000800457c                SHCI_C2_BLE_Init
 .text.SHCI_C2_DEBUG_Init
                0x0000000008004598       0x1c ./Middlewares/STM32_WPAN/shci.o
                0x0000000008004598                SHCI_C2_DEBUG_Init
 .text.SHCI_C2_Config
                0x00000000080045b4       0x1a ./Middlewares/STM32_WPAN/shci.o
                0x00000000080045b4                SHCI_C2_Config
 *fill*         0x00000000080045ce        0x2 
 .text.SHCI_GetWirelessFwInfo
                0x00000000080045d0       0x7c ./Middlewares/STM32_WPAN/shci.o
                0x00000000080045d0                SHCI_GetWirelessFwInfo
 .text.TlUserEvtReceived
                0x000000000800464c       0x18 ./Middlewares/STM32_WPAN/shci_tl.o
 .text.Cmd_SetStatus.constprop.0
                0x0000000008004664       0x18 ./Middlewares/STM32_WPAN/shci_tl.o
 .text.shci_init
                0x000000000800467c       0x54 ./Middlewares/STM32_WPAN/shci_tl.o
                0x000000000800467c                shci_init
 .text.shci_user_evt_proc
                0x00000000080046d0       0x68 ./Middlewares/STM32_WPAN/shci_tl.o
                0x00000000080046d0                shci_user_evt_proc
 .text.shci_send
                0x0000000008004738       0x6c ./Middlewares/STM32_WPAN/shci_tl.o
                0x0000000008004738                shci_send
 .text.TlCmdEvtReceived
                0x00000000080047a4        0xa ./Middlewares/STM32_WPAN/shci_tl.o
 *fill*         0x00000000080047ae        0x2 
 .text.shci_register_io_bus
                0x00000000080047b0       0x14 ./Middlewares/STM32_WPAN/shci_tl_if.o
                0x00000000080047b0                shci_register_io_bus
 .text.LST_init_head
                0x00000000080047c4        0x6 ./Middlewares/STM32_WPAN/stm_list.o
                0x00000000080047c4                LST_init_head
 .text.LST_is_empty
                0x00000000080047ca       0x14 ./Middlewares/STM32_WPAN/stm_list.o
                0x00000000080047ca                LST_is_empty
 .text.LST_insert_head
                0x00000000080047de       0x18 ./Middlewares/STM32_WPAN/stm_list.o
                0x00000000080047de                LST_insert_head
 .text.LST_insert_tail
                0x00000000080047f6       0x18 ./Middlewares/STM32_WPAN/stm_list.o
                0x00000000080047f6                LST_insert_tail
 .text.LST_remove_node
                0x000000000800480e       0x16 ./Middlewares/STM32_WPAN/stm_list.o
                0x000000000800480e                LST_remove_node
 .text.LST_remove_head
                0x0000000008004824       0x18 ./Middlewares/STM32_WPAN/stm_list.o
                0x0000000008004824                LST_remove_head
 .text.BAS_Init
                0x000000000800483c        0x2 ./Middlewares/STM32_WPAN/svc_ctl.o
                0x000000000800483c                BAS_Init
 .text.BLS_Init
                0x000000000800483e        0x2 ./Middlewares/STM32_WPAN/svc_ctl.o
                0x000000000800483e                BLS_Init
 .text.CRS_STM_Init
                0x0000000008004840        0x2 ./Middlewares/STM32_WPAN/svc_ctl.o
                0x0000000008004840                CRS_STM_Init
 .text.EDS_STM_Init
                0x0000000008004842        0x2 ./Middlewares/STM32_WPAN/svc_ctl.o
                0x0000000008004842                EDS_STM_Init
 .text.HIDS_Init
                0x0000000008004844        0x2 ./Middlewares/STM32_WPAN/svc_ctl.o
                0x0000000008004844                HIDS_Init
 .text.HTS_Init
                0x0000000008004846        0x2 ./Middlewares/STM32_WPAN/svc_ctl.o
                0x0000000008004846                HTS_Init
 .text.IAS_Init
                0x0000000008004848        0x2 ./Middlewares/STM32_WPAN/svc_ctl.o
                0x0000000008004848                IAS_Init
 .text.LLS_Init
                0x000000000800484a        0x2 ./Middlewares/STM32_WPAN/svc_ctl.o
                0x000000000800484a                LLS_Init
 .text.TPS_Init
                0x000000000800484c        0x2 ./Middlewares/STM32_WPAN/svc_ctl.o
                0x000000000800484c                TPS_Init
 .text.MOTENV_STM_Init
                0x000000000800484e        0x2 ./Middlewares/STM32_WPAN/svc_ctl.o
                0x000000000800484e                MOTENV_STM_Init
 .text.P2PS_STM_Init
                0x0000000008004850        0x2 ./Middlewares/STM32_WPAN/svc_ctl.o
                0x0000000008004850                P2PS_STM_Init
 .text.ZDD_STM_Init
                0x0000000008004852        0x2 ./Middlewares/STM32_WPAN/svc_ctl.o
                0x0000000008004852                ZDD_STM_Init
 .text.OTAS_STM_Init
                0x0000000008004854        0x2 ./Middlewares/STM32_WPAN/svc_ctl.o
                0x0000000008004854                OTAS_STM_Init
 .text.MESH_Init
                0x0000000008004856        0x2 ./Middlewares/STM32_WPAN/svc_ctl.o
                0x0000000008004856                MESH_Init
 .text.BVOPUS_STM_Init
                0x0000000008004858        0x2 ./Middlewares/STM32_WPAN/svc_ctl.o
                0x0000000008004858                BVOPUS_STM_Init
 .text.SVCCTL_InitCustomSvc
                0x000000000800485a        0x2 ./Middlewares/STM32_WPAN/svc_ctl.o
                0x000000000800485a                SVCCTL_InitCustomSvc
 .text.SVCCTL_SvcInit
                0x000000000800485c       0x4c ./Middlewares/STM32_WPAN/svc_ctl.o
                0x000000000800485c                SVCCTL_SvcInit
 .text.SVCCTL_Init
                0x00000000080048a8       0x18 ./Middlewares/STM32_WPAN/svc_ctl.o
                0x00000000080048a8                SVCCTL_Init
 .text.SVCCTL_RegisterSvcHandler
                0x00000000080048c0       0x14 ./Middlewares/STM32_WPAN/svc_ctl.o
                0x00000000080048c0                SVCCTL_RegisterSvcHandler
 .text.SVCCTL_UserEvtRx
                0x00000000080048d4       0x48 ./Middlewares/STM32_WPAN/svc_ctl.o
                0x00000000080048d4                SVCCTL_UserEvtRx
 .text.SendFreeBuf
                0x000000000800491c       0x30 ./Middlewares/STM32_WPAN/tl_mbox.o
 .text.TL_Enable
                0x000000000800494c        0x4 ./Middlewares/STM32_WPAN/tl_mbox.o
                0x000000000800494c                TL_Enable
 .text.TL_Init  0x0000000008004950       0x48 ./Middlewares/STM32_WPAN/tl_mbox.o
                0x0000000008004950                TL_Init
 .text.TL_BLE_Init
                0x0000000008004998       0x48 ./Middlewares/STM32_WPAN/tl_mbox.o
                0x0000000008004998                TL_BLE_Init
 .text.TL_BLE_SendCmd
                0x00000000080049e0       0x1c ./Middlewares/STM32_WPAN/tl_mbox.o
                0x00000000080049e0                TL_BLE_SendCmd
 .text.HW_IPCC_BLE_RxEvtNot
                0x00000000080049fc       0x2c ./Middlewares/STM32_WPAN/tl_mbox.o
                0x00000000080049fc                HW_IPCC_BLE_RxEvtNot
 .text.HW_IPCC_BLE_AclDataAckNot
                0x0000000008004a28        0xc ./Middlewares/STM32_WPAN/tl_mbox.o
                0x0000000008004a28                HW_IPCC_BLE_AclDataAckNot
 .text.TL_SYS_Init
                0x0000000008004a34       0x3c ./Middlewares/STM32_WPAN/tl_mbox.o
                0x0000000008004a34                TL_SYS_Init
 .text.TL_SYS_SendCmd
                0x0000000008004a70       0x1c ./Middlewares/STM32_WPAN/tl_mbox.o
                0x0000000008004a70                TL_SYS_SendCmd
 .text.HW_IPCC_SYS_CmdEvtNot
                0x0000000008004a8c       0x18 ./Middlewares/STM32_WPAN/tl_mbox.o
                0x0000000008004a8c                HW_IPCC_SYS_CmdEvtNot
 .text.HW_IPCC_SYS_EvtNot
                0x0000000008004aa4       0x2c ./Middlewares/STM32_WPAN/tl_mbox.o
                0x0000000008004aa4                HW_IPCC_SYS_EvtNot
 .text.TL_MM_Init
                0x0000000008004ad0       0x40 ./Middlewares/STM32_WPAN/tl_mbox.o
                0x0000000008004ad0                TL_MM_Init
 .text.TL_MM_EvtDone
                0x0000000008004b10       0x1c ./Middlewares/STM32_WPAN/tl_mbox.o
                0x0000000008004b10                TL_MM_EvtDone
 .text.TL_TRACES_Init
                0x0000000008004b2c       0x20 ./Middlewares/STM32_WPAN/tl_mbox.o
                0x0000000008004b2c                TL_TRACES_Init
 .text.TL_TRACES_EvtReceived
                0x0000000008004b4c        0x2 ./Middlewares/STM32_WPAN/tl_mbox.o
                0x0000000008004b4c                TL_TRACES_EvtReceived
 *fill*         0x0000000008004b4e        0x2 
 .text.HW_IPCC_TRACES_EvtNot
                0x0000000008004b50       0x24 ./Middlewares/STM32_WPAN/tl_mbox.o
                0x0000000008004b50                HW_IPCC_TRACES_EvtNot
 .text.UTIL_LPM_Init
                0x0000000008004b74       0x14 ./Utilities/stm32_lpm.o
                0x0000000008004b74                UTIL_LPM_Init
 .text.UTIL_LPM_SetOffMode
                0x0000000008004b88       0x2c ./Utilities/stm32_lpm.o
                0x0000000008004b88                UTIL_LPM_SetOffMode
 .text.UTIL_LPM_EnterLowPower
                0x0000000008004bb4       0x40 ./Utilities/stm32_lpm.o
                0x0000000008004bb4                UTIL_LPM_EnterLowPower
 .text.UTIL_SEQ_SetTask
                0x0000000008004bf4       0x2c ./Utilities/stm32_seq.o
                0x0000000008004bf4                UTIL_SEQ_SetTask
 .text.UTIL_SEQ_PauseTask
                0x0000000008004c20       0x1c ./Utilities/stm32_seq.o
                0x0000000008004c20                UTIL_SEQ_PauseTask
 .text.UTIL_SEQ_ResumeTask
                0x0000000008004c3c       0x18 ./Utilities/stm32_seq.o
                0x0000000008004c3c                UTIL_SEQ_ResumeTask
 .text.UTIL_SEQ_SetEvt
                0x0000000008004c54       0x18 ./Utilities/stm32_seq.o
                0x0000000008004c54                UTIL_SEQ_SetEvt
 .text.UTIL_SEQ_PreIdle
                0x0000000008004c6c        0x2 ./Utilities/stm32_seq.o
                0x0000000008004c6c                UTIL_SEQ_PreIdle
 .text.UTIL_SEQ_PostIdle
                0x0000000008004c6e        0x2 ./Utilities/stm32_seq.o
                0x0000000008004c6e                UTIL_SEQ_PostIdle
 .text.SEQ_BitPosition
                0x0000000008004c70       0x40 ./Utilities/stm32_seq.o
                0x0000000008004c70                SEQ_BitPosition
 .text.UTIL_SEQ_Run
                0x0000000008004cb0      0x128 ./Utilities/stm32_seq.o
                0x0000000008004cb0                UTIL_SEQ_Run
 .text.UTIL_SEQ_WaitEvt
                0x0000000008004dd8       0x64 ./Utilities/stm32_seq.o
                0x0000000008004dd8                UTIL_SEQ_WaitEvt
 .text.UTIL_SEQ_RegTask
                0x0000000008004e3c       0x20 ./Utilities/stm32_seq.o
                0x0000000008004e3c                UTIL_SEQ_RegTask
 .text.__libc_init_array
                0x0000000008004e5c       0x48 c:/st/stm32cubeide_1.12.0/stm32cubeide/plugins/com.st.stm32cube.ide.mcu.externaltools.gnu-tools-for-stm32.10.3-2021.10.win32_1.0.200.202301161003/tools/bin/../lib/gcc/arm-none-eabi/10.3.1/../../../../arm-none-eabi/lib/thumb/v7e-m+fp/hard\libc_nano.a(lib_a-init.o)
                0x0000000008004e5c                __libc_init_array
 .text.memcpy   0x0000000008004ea4       0x1c c:/st/stm32cubeide_1.12.0/stm32cubeide/plugins/com.st.stm32cube.ide.mcu.externaltools.gnu-tools-for-stm32.10.3-2021.10.win32_1.0.200.202301161003/tools/bin/../lib/gcc/arm-none-eabi/10.3.1/../../../../arm-none-eabi/lib/thumb/v7e-m+fp/hard\libc_nano.a(lib_a-memcpy-stub.o)
                0x0000000008004ea4                memcpy
 .text.memset   0x0000000008004ec0       0x10 c:/st/stm32cubeide_1.12.0/stm32cubeide/plugins/com.st.stm32cube.ide.mcu.externaltools.gnu-tools-for-stm32.10.3-2021.10.win32_1.0.200.202301161003/tools/bin/../lib/gcc/arm-none-eabi/10.3.1/../../../../arm-none-eabi/lib/thumb/v7e-m+fp/hard\libc_nano.a(lib_a-memset.o)
                0x0000000008004ec0                memset
 *(.glue_7)
 .glue_7        0x0000000008004ed0        0x0 linker stubs
 *(.glue_7t)
 .glue_7t       0x0000000008004ed0        0x0 linker stubs
 *(.eh_frame)
 .eh_frame      0x0000000008004ed0        0x0 c:/st/stm32cubeide_1.12.0/stm32cubeide/plugins/com.st.stm32cube.ide.mcu.externaltools.gnu-tools-for-stm32.10.3-2021.10.win32_1.0.200.202301161003/tools/bin/../lib/gcc/arm-none-eabi/10.3.1/thumb/v7e-m+fp/hard/crtbegin.o
 *(.init)
 .init          0x0000000008004ed0        0x4 c:/st/stm32cubeide_1.12.0/stm32cubeide/plugins/com.st.stm32cube.ide.mcu.externaltools.gnu-tools-for-stm32.10.3-2021.10.win32_1.0.200.202301161003/tools/bin/../lib/gcc/arm-none-eabi/10.3.1/thumb/v7e-m+fp/hard/crti.o
                0x0000000008004ed0                _init
 .init          0x0000000008004ed4        0x8 c:/st/stm32cubeide_1.12.0/stm32cubeide/plugins/com.st.stm32cube.ide.mcu.externaltools.gnu-tools-for-stm32.10.3-2021.10.win32_1.0.200.202301161003/tools/bin/../lib/gcc/arm-none-eabi/10.3.1/thumb/v7e-m+fp/hard/crtn.o
 *(.fini)
 .fini          0x0000000008004edc        0x4 c:/st/stm32cubeide_1.12.0/stm32cubeide/plugins/com.st.stm32cube.ide.mcu.externaltools.gnu-tools-for-stm32.10.3-2021.10.win32_1.0.200.202301161003/tools/bin/../lib/gcc/arm-none-eabi/10.3.1/thumb/v7e-m+fp/hard/crti.o
                0x0000000008004edc                _fini
 .fini          0x0000000008004ee0        0x8 c:/st/stm32cubeide_1.12.0/stm32cubeide/plugins/com.st.stm32cube.ide.mcu.externaltools.gnu-tools-for-stm32.10.3-2021.10.win32_1.0.200.202301161003/tools/bin/../lib/gcc/arm-none-eabi/10.3.1/thumb/v7e-m+fp/hard/crtn.o
                0x0000000008004ee8                . = ALIGN (0x4)
                0x0000000008004ee8                _etext = .

.vfp11_veneer   0x0000000008004ee8        0x0
 .vfp11_veneer  0x0000000008004ee8        0x0 linker stubs

.v4_bx          0x0000000008004ee8        0x0
 .v4_bx         0x0000000008004ee8        0x0 linker stubs

.iplt           0x0000000008004ee8        0x0
 .iplt          0x0000000008004ee8        0x0 c:/st/stm32cubeide_1.12.0/stm32cubeide/plugins/com.st.stm32cube.ide.mcu.externaltools.gnu-tools-for-stm32.10.3-2021.10.win32_1.0.200.202301161003/tools/bin/../lib/gcc/arm-none-eabi/10.3.1/thumb/v7e-m+fp/hard/crtbegin.o

.rodata         0x0000000008004ee8      0x298
                0x0000000008004ee8                . = ALIGN (0x4)
 *(.rodata)
 .rodata        0x0000000008004ee8       0x1b ./Application/User/Core/app_debug.o
 .rodata        0x0000000008004f03       0x3a ./Application/User/STM32_WPAN/App/app_ble.o
 *fill*         0x0000000008004f3d        0x3 
 .rodata        0x0000000008004f40       0x20 ./Drivers/STM32WBxx_HAL_Driver/stm32wbxx_hal_rcc.o
 *(.rodata*)
 .rodata.aGpioConfigList
                0x0000000008004f60      0x130 ./Application/User/Core/app_debug.o
 .rodata.RxCpltCallback.str1.1
                0x0000000008005090        0xc ./Application/User/Core/app_entry.o
 .rodata.UTIL_PowerDriver
                0x000000000800509c       0x18 ./Application/User/Core/stm32_lpm_if.o
                0x000000000800509c                UTIL_PowerDriver
 .rodata.APP_BLE_Init.str1.1
                0x00000000080050b4        0x6 ./Application/User/STM32_WPAN/App/app_ble.o
 .rodata.a_BLE_CfgErValue
                0x00000000080050ba       0x10 ./Application/User/STM32_WPAN/App/app_ble.o
 .rodata.a_BLE_CfgIrValue
                0x00000000080050ca       0x10 ./Application/User/STM32_WPAN/App/app_ble.o
 .rodata.a_LocalName
                0x00000000080050da        0x6 ./Application/User/STM32_WPAN/App/app_ble.o
 .rodata.a_MBdAddr
                0x00000000080050e0        0x6 ./Application/User/STM32_WPAN/App/app_ble.o
 .rodata.DISAPP_Init.str1.1
                0x00000000080050e6        0x6 ./Application/User/STM32_WPAN/App/dis_app.o
                                          0x4 (size before relaxing)
 .rodata.BUTTON_IRQn
                0x00000000080050e6        0x3 ./Drivers/BSP/P-NUCLEO-WB55.Nucleo/stm32wbxx_nucleo.o
                0x00000000080050e6                BUTTON_IRQn
 *fill*         0x00000000080050e9        0x1 
 .rodata.BUTTON_PIN
                0x00000000080050ea        0x6 ./Drivers/BSP/P-NUCLEO-WB55.Nucleo/stm32wbxx_nucleo.o
                0x00000000080050ea                BUTTON_PIN
 .rodata.AHBPrescTable
                0x00000000080050f0       0x40 ./Drivers/CMSIS/system_stm32wbxx.o
                0x00000000080050f0                AHBPrescTable
 .rodata.MSIRangeTable
                0x0000000008005130       0x40 ./Drivers/CMSIS/system_stm32wbxx.o
                0x0000000008005130                MSIRangeTable
 .rodata.SEQ_clz_table_4bit
                0x0000000008005170       0x10 ./Utilities/stm32_seq.o
                0x0000000008005170                SEQ_clz_table_4bit
                0x0000000008005180                . = ALIGN (0x4)

.rel.dyn        0x0000000008005180        0x0
 .rel.iplt      0x0000000008005180        0x0 c:/st/stm32cubeide_1.12.0/stm32cubeide/plugins/com.st.stm32cube.ide.mcu.externaltools.gnu-tools-for-stm32.10.3-2021.10.win32_1.0.200.202301161003/tools/bin/../lib/gcc/arm-none-eabi/10.3.1/thumb/v7e-m+fp/hard/crtbegin.o

.ARM.extab
 *(.ARM.extab* .gnu.linkonce.armextab.*)

.ARM            0x0000000008005180        0x0
                0x0000000008005180                __exidx_start = .
 *(.ARM.exidx*)
                0x0000000008005180                __exidx_end = .

.preinit_array  0x0000000008005180        0x0
                0x0000000008005180                PROVIDE (__preinit_array_start = .)
 *(.preinit_array*)
                0x0000000008005180                PROVIDE (__preinit_array_end = .)

.init_array     0x0000000008005180        0x4
                0x0000000008005180                PROVIDE (__init_array_start = .)
 *(SORT_BY_NAME(.init_array.*))
 *(.init_array*)
 .init_array    0x0000000008005180        0x4 c:/st/stm32cubeide_1.12.0/stm32cubeide/plugins/com.st.stm32cube.ide.mcu.externaltools.gnu-tools-for-stm32.10.3-2021.10.win32_1.0.200.202301161003/tools/bin/../lib/gcc/arm-none-eabi/10.3.1/thumb/v7e-m+fp/hard/crtbegin.o
                0x0000000008005184                PROVIDE (__init_array_end = .)

.fini_array     0x0000000008005184        0x4
                [!provide]                        PROVIDE (__fini_array_start = .)
 *(SORT_BY_NAME(.fini_array.*))
 *(.fini_array*)
 .fini_array    0x0000000008005184        0x4 c:/st/stm32cubeide_1.12.0/stm32cubeide/plugins/com.st.stm32cube.ide.mcu.externaltools.gnu-tools-for-stm32.10.3-2021.10.win32_1.0.200.202301161003/tools/bin/../lib/gcc/arm-none-eabi/10.3.1/thumb/v7e-m+fp/hard/crtbegin.o
                [!provide]                        PROVIDE (__fini_array_end = .)
                0x0000000008005188                _sidata = LOADADDR (.data)

.data           0x0000000020000008       0x30 load address 0x0000000008005188
                0x0000000020000008                . = ALIGN (0x4)
                0x0000000020000008                _sdata = .
 *(.data)
 *(.data*)
 .data.a_ManufData
                0x0000000020000008        0xe ./Application/User/STM32_WPAN/App/app_ble.o
                0x0000000020000008                a_ManufData
 *fill*         0x0000000020000016        0x2 
 .data.BUTTON_PORT
                0x0000000020000018        0xc ./Drivers/BSP/P-NUCLEO-WB55.Nucleo/stm32wbxx_nucleo.o
                0x0000000020000018                BUTTON_PORT
 .data.SystemCoreClock
                0x0000000020000024        0x4 ./Drivers/CMSIS/system_stm32wbxx.o
                0x0000000020000024                SystemCoreClock
 .data.uwTickFreq
                0x0000000020000028        0x1 ./Drivers/STM32WBxx_HAL_Driver/stm32wbxx_hal.o
                0x0000000020000028                uwTickFreq
 *fill*         0x0000000020000029        0x3 
 .data.uwTickPrio
                0x000000002000002c        0x4 ./Drivers/STM32WBxx_HAL_Driver/stm32wbxx_hal.o
                0x000000002000002c                uwTickPrio
 .data.SuperMask
                0x0000000020000030        0x4 ./Utilities/stm32_seq.o
 .data.TaskMask
                0x0000000020000034        0x4 ./Utilities/stm32_seq.o
                0x0000000020000038                . = ALIGN (0x4)
                0x0000000020000038                _edata = .

.igot.plt       0x0000000020000038        0x0 load address 0x00000000080051b8
 .igot.plt      0x0000000020000038        0x0 c:/st/stm32cubeide_1.12.0/stm32cubeide/plugins/com.st.stm32cube.ide.mcu.externaltools.gnu-tools-for-stm32.10.3-2021.10.win32_1.0.200.202301161003/tools/bin/../lib/gcc/arm-none-eabi/10.3.1/thumb/v7e-m+fp/hard/crtbegin.o

BLE_DRIVER_CONTEXT
                0x0000000020000038       0x3d load address 0x00000000080051b8
 BLE_DRIVER_CONTEXT
                0x0000000020000038        0x4 ./Middlewares/STM32_WPAN/dis.o
 BLE_DRIVER_CONTEXT
                0x000000002000003c        0xe ./Middlewares/STM32_WPAN/hci_tl.o
                0x0000000020000048                UserEventFlow
 BLE_DRIVER_CONTEXT
                0x000000002000004a        0x8 ./Middlewares/STM32_WPAN/hrs.o
 *fill*         0x0000000020000052        0x2 
 BLE_DRIVER_CONTEXT
                0x0000000020000054       0x21 ./Middlewares/STM32_WPAN/svc_ctl.o
                0x0000000020000054                SVCCTL_EvtHandler
                0x0000000020000074                SVCCTL_CltHandler

SYSTEM_DRIVER_CONTEXT
                0x0000000020000078       0x11 load address 0x00000000080051f5
 SYSTEM_DRIVER_CONTEXT
                0x0000000020000078       0x11 ./Middlewares/STM32_WPAN/shci_tl.o
                0x0000000020000088                SHCI_TL_UserEventFlow
                0x000000002000008c                . = ALIGN (0x4)

.bss            0x000000002000008c      0x5e4 load address 0x0000000008005206
                0x000000002000008c                _sbss = .
                0x000000002000008c                __bss_start__ = _sbss
 *(.bss)
 .bss           0x000000002000008c       0x1c c:/st/stm32cubeide_1.12.0/stm32cubeide/plugins/com.st.stm32cube.ide.mcu.externaltools.gnu-tools-for-stm32.10.3-2021.10.win32_1.0.200.202301161003/tools/bin/../lib/gcc/arm-none-eabi/10.3.1/thumb/v7e-m+fp/hard/crtbegin.o
 *(.bss*)
 .bss.CommandString
                0x00000000200000a8      0x100 ./Application/User/Core/app_entry.o
 .bss.aRxBuffer
                0x00000000200001a8        0x8 ./Application/User/Core/app_entry.o
 .bss.exti_handle
                0x00000000200001b0        0x8 ./Application/User/Core/app_entry.o
                0x00000000200001b0                exti_handle
 .bss.indexReceiveChar
                0x00000000200001b8        0x2 ./Application/User/Core/app_entry.o
 .bss.AsynchPrescalerUserConfig
                0x00000000200001ba        0x1 ./Application/User/Core/hw_timerserver.o
 .bss.CurrentRunningTimerID
                0x00000000200001bb        0x1 ./Application/User/Core/hw_timerserver.o
 .bss.MaxWakeupTimerSetup
                0x00000000200001bc        0x2 ./Application/User/Core/hw_timerserver.o
 .bss.PreviousRunningTimerID
                0x00000000200001be        0x1 ./Application/User/Core/hw_timerserver.o
 *fill*         0x00000000200001bf        0x1 
 .bss.SSRValueOnLastSetup
                0x00000000200001c0        0x4 ./Application/User/Core/hw_timerserver.o
 .bss.SynchPrescalerUserConfig
                0x00000000200001c4        0x2 ./Application/User/Core/hw_timerserver.o
 .bss.WakeupTimerDivider
                0x00000000200001c6        0x1 ./Application/User/Core/hw_timerserver.o
 .bss.WakeupTimerLimitation
                0x00000000200001c7        0x1 ./Application/User/Core/hw_timerserver.o
 .bss.aTimerContext
                0x00000000200001c8       0x90 ./Application/User/Core/hw_timerserver.o
 .bss.HW_huart1RxCb
                0x0000000020000258        0x4 ./Application/User/Core/hw_uart.o
                0x0000000020000258                HW_huart1RxCb
 .bss.HW_huart1TxCb
                0x000000002000025c        0x4 ./Application/User/Core/hw_uart.o
                0x000000002000025c                HW_huart1TxCb
 .bss.hdma_lpuart1_tx
                0x0000000020000260       0x60 ./Application/User/Core/main.o
                0x0000000020000260                hdma_lpuart1_tx
 .bss.hdma_usart1_tx
                0x00000000200002c0       0x60 ./Application/User/Core/main.o
                0x00000000200002c0                hdma_usart1_tx
 .bss.hipcc     0x0000000020000320       0x3c ./Application/User/Core/main.o
                0x0000000020000320                hipcc
 .bss.hlpuart1  0x000000002000035c       0x94 ./Application/User/Core/main.o
                0x000000002000035c                hlpuart1
 .bss.hrng      0x00000000200003f0       0x14 ./Application/User/Core/main.o
                0x00000000200003f0                hrng
 .bss.hrtc      0x0000000020000404       0x24 ./Application/User/Core/main.o
                0x0000000020000404                hrtc
 .bss.huart1    0x0000000020000428       0x94 ./Application/User/Core/main.o
                0x0000000020000428                huart1
 .bss.AdvIntervalMax
                0x00000000200004bc        0x2 ./Application/User/STM32_WPAN/App/app_ble.o
 .bss.AdvIntervalMin
                0x00000000200004be        0x2 ./Application/User/STM32_WPAN/App/app_ble.o
 .bss.BleApplicationContext
                0x00000000200004c0       0x84 ./Application/User/STM32_WPAN/App/app_ble.o
 .bss.a_BdAddrUdn
                0x0000000020000544        0x6 ./Application/User/STM32_WPAN/App/app_ble.o
 .bss.HRSAPP_Context
                0x000000002000054a        0xe ./Application/User/STM32_WPAN/App/hrs_app.o
 .bss.FreeBufCb
                0x0000000020000558        0x4 ./Application/User/STM32_WPAN/Target/hw_ipcc.o
 .bss.uwTick    0x000000002000055c        0x4 ./Drivers/STM32WBxx_HAL_Driver/stm32wbxx_hal.o
                0x000000002000055c                uwTick
 .bss.HciCmdEventQueue
                0x0000000020000560        0x8 ./Middlewares/STM32_WPAN/hci_tl.o
 .bss.StatusNotCallBackFunction
                0x0000000020000568        0x4 ./Middlewares/STM32_WPAN/hci_tl.o
 .bss.hciContext
                0x000000002000056c       0x20 ./Middlewares/STM32_WPAN/hci_tl.o
 .bss.StatusNotCallBackFunction
                0x000000002000058c        0x4 ./Middlewares/STM32_WPAN/shci_tl.o
 .bss.shciContext
                0x0000000020000590       0x20 ./Middlewares/STM32_WPAN/shci_tl.o
 .bss.BLE_IoBusAclDataTxAck
                0x00000000200005b0        0x4 ./Middlewares/STM32_WPAN/tl_mbox.o
 .bss.BLE_IoBusEvtCallBackFunction
                0x00000000200005b4        0x4 ./Middlewares/STM32_WPAN/tl_mbox.o
 .bss.LocalFreeBufQueue
                0x00000000200005b8        0x8 ./Middlewares/STM32_WPAN/tl_mbox.o
 .bss.SYS_CMD_IoBusCallBackFunction
                0x00000000200005c0        0x4 ./Middlewares/STM32_WPAN/tl_mbox.o
 .bss.SYS_EVT_IoBusCallBackFunction
                0x00000000200005c4        0x4 ./Middlewares/STM32_WPAN/tl_mbox.o
 .bss.OffModeDisable
                0x00000000200005c8        0x4 ./Utilities/stm32_lpm.o
 .bss.StopModeDisable
                0x00000000200005cc        0x4 ./Utilities/stm32_lpm.o
 .bss.CurrentTaskIdx
                0x00000000200005d0        0x4 ./Utilities/stm32_seq.o
 .bss.EvtSet    0x00000000200005d4        0x4 ./Utilities/stm32_seq.o
 .bss.EvtWaited
                0x00000000200005d8        0x4 ./Utilities/stm32_seq.o
 .bss.TaskCb    0x00000000200005dc       0x80 ./Utilities/stm32_seq.o
 .bss.TaskPrio  0x000000002000065c       0x10 ./Utilities/stm32_seq.o
 .bss.TaskSet   0x000000002000066c        0x4 ./Utilities/stm32_seq.o
 *(COMMON)
                0x0000000020000670                . = ALIGN (0x4)
                0x0000000020000670                _ebss = .
                0x0000000020000670                __bss_end__ = _ebss

._user_heap_stack
                0x0000000020000670     0x1400 load address 0x0000000008005206
                0x0000000020000670                . = ALIGN (0x8)
                [!provide]                        PROVIDE (end = .)
                0x0000000020000670                PROVIDE (_end = .)
                0x0000000020000a70                . = (. + _Min_Heap_Size)
 *fill*         0x0000000020000670      0x400 
                0x0000000020001a70                . = (. + _Min_Stack_Size)
 *fill*         0x0000000020000a70     0x1000 
                0x0000000020001a70                . = ALIGN (0x8)

/DISCARD/
 libc.a(*)
 libm.a(*)
 libgcc.a(*)

.ARM.attributes
                0x0000000000000000       0x30
 *(.ARM.attributes)
 .ARM.attributes
                0x0000000000000000       0x1e c:/st/stm32cubeide_1.12.0/stm32cubeide/plugins/com.st.stm32cube.ide.mcu.externaltools.gnu-tools-for-stm32.10.3-2021.10.win32_1.0.200.202301161003/tools/bin/../lib/gcc/arm-none-eabi/10.3.1/thumb/v7e-m+fp/hard/crti.o
 .ARM.attributes
                0x000000000000001e       0x34 c:/st/stm32cubeide_1.12.0/stm32cubeide/plugins/com.st.stm32cube.ide.mcu.externaltools.gnu-tools-for-stm32.10.3-2021.10.win32_1.0.200.202301161003/tools/bin/../lib/gcc/arm-none-eabi/10.3.1/thumb/v7e-m+fp/hard/crtbegin.o
 .ARM.attributes
                0x0000000000000052       0x34 ./Application/User/Core/app_debug.o
 .ARM.attributes
                0x0000000000000086       0x34 ./Application/User/Core/app_entry.o
 .ARM.attributes
                0x00000000000000ba       0x34 ./Application/User/Core/hw_timerserver.o
 .ARM.attributes
                0x00000000000000ee       0x34 ./Application/User/Core/hw_uart.o
 .ARM.attributes
                0x0000000000000122       0x34 ./Application/User/Core/main.o
 .ARM.attributes
                0x0000000000000156       0x34 ./Application/User/Core/stm32_lpm_if.o
 .ARM.attributes
                0x000000000000018a       0x34 ./Application/User/Core/stm32wbxx_hal_msp.o
 .ARM.attributes
                0x00000000000001be       0x34 ./Application/User/Core/stm32wbxx_it.o
 .ARM.attributes
                0x00000000000001f2       0x34 ./Application/User/STM32_WPAN/App/app_ble.o
 .ARM.attributes
                0x0000000000000226       0x34 ./Application/User/STM32_WPAN/App/dis_app.o
 .ARM.attributes
                0x000000000000025a       0x34 ./Application/User/STM32_WPAN/App/hrs_app.o
 .ARM.attributes
                0x000000000000028e       0x34 ./Application/User/STM32_WPAN/Target/hw_ipcc.o
 .ARM.attributes
                0x00000000000002c2       0x21 ./Application/User/Startup/startup_stm32wb55rgvx.o
 .ARM.attributes
                0x00000000000002e3       0x34 ./Drivers/BSP/P-NUCLEO-WB55.Nucleo/stm32wbxx_nucleo.o
 .ARM.attributes
                0x0000000000000317       0x34 ./Drivers/CMSIS/system_stm32wbxx.o
 .ARM.attributes
                0x000000000000034b       0x34 ./Drivers/STM32WBxx_HAL_Driver/stm32wbxx_hal.o
 .ARM.attributes
                0x000000000000037f       0x34 ./Drivers/STM32WBxx_HAL_Driver/stm32wbxx_hal_cortex.o
 .ARM.attributes
                0x00000000000003b3       0x34 ./Drivers/STM32WBxx_HAL_Driver/stm32wbxx_hal_dma.o
 .ARM.attributes
                0x00000000000003e7       0x34 ./Drivers/STM32WBxx_HAL_Driver/stm32wbxx_hal_exti.o
 .ARM.attributes
                0x000000000000041b       0x34 ./Drivers/STM32WBxx_HAL_Driver/stm32wbxx_hal_gpio.o
 .ARM.attributes
                0x000000000000044f       0x34 ./Drivers/STM32WBxx_HAL_Driver/stm32wbxx_hal_hsem.o
 .ARM.attributes
                0x0000000000000483       0x34 ./Drivers/STM32WBxx_HAL_Driver/stm32wbxx_hal_ipcc.o
 .ARM.attributes
                0x00000000000004b7       0x34 ./Drivers/STM32WBxx_HAL_Driver/stm32wbxx_hal_pwr.o
 .ARM.attributes
                0x00000000000004eb       0x34 ./Drivers/STM32WBxx_HAL_Driver/stm32wbxx_hal_pwr_ex.o
 .ARM.attributes
                0x000000000000051f       0x34 ./Drivers/STM32WBxx_HAL_Driver/stm32wbxx_hal_rcc.o
 .ARM.attributes
                0x0000000000000553       0x34 ./Drivers/STM32WBxx_HAL_Driver/stm32wbxx_hal_rcc_ex.o
 .ARM.attributes
                0x0000000000000587       0x34 ./Drivers/STM32WBxx_HAL_Driver/stm32wbxx_hal_rng.o
 .ARM.attributes
                0x00000000000005bb       0x34 ./Drivers/STM32WBxx_HAL_Driver/stm32wbxx_hal_rtc.o
 .ARM.attributes
                0x00000000000005ef       0x34 ./Drivers/STM32WBxx_HAL_Driver/stm32wbxx_hal_rtc_ex.o
 .ARM.attributes
                0x0000000000000623       0x34 ./Drivers/STM32WBxx_HAL_Driver/stm32wbxx_hal_uart.o
 .ARM.attributes
                0x0000000000000657       0x34 ./Drivers/STM32WBxx_HAL_Driver/stm32wbxx_hal_uart_ex.o
 .ARM.attributes
                0x000000000000068b       0x34 ./Middlewares/STM32_WPAN/ble_gap_aci.o
 .ARM.attributes
                0x00000000000006bf       0x34 ./Middlewares/STM32_WPAN/ble_gatt_aci.o
 .ARM.attributes
                0x00000000000006f3       0x34 ./Middlewares/STM32_WPAN/ble_hal_aci.o
 .ARM.attributes
                0x0000000000000727       0x34 ./Middlewares/STM32_WPAN/ble_hci_le.o
 .ARM.attributes
                0x000000000000075b       0x34 ./Middlewares/STM32_WPAN/dis.o
 .ARM.attributes
                0x000000000000078f       0x34 ./Middlewares/STM32_WPAN/hci_tl.o
 .ARM.attributes
                0x00000000000007c3       0x34 ./Middlewares/STM32_WPAN/hci_tl_if.o
 .ARM.attributes
                0x00000000000007f7       0x34 ./Middlewares/STM32_WPAN/hrs.o
 .ARM.attributes
                0x000000000000082b       0x34 ./Middlewares/STM32_WPAN/osal.o
 .ARM.attributes
                0x000000000000085f       0x34 ./Middlewares/STM32_WPAN/otp.o
 .ARM.attributes
                0x0000000000000893       0x34 ./Middlewares/STM32_WPAN/shci.o
 .ARM.attributes
                0x00000000000008c7       0x34 ./Middlewares/STM32_WPAN/shci_tl.o
 .ARM.attributes
                0x00000000000008fb       0x34 ./Middlewares/STM32_WPAN/shci_tl_if.o
 .ARM.attributes
                0x000000000000092f       0x34 ./Middlewares/STM32_WPAN/stm_list.o
 .ARM.attributes
                0x0000000000000963       0x34 ./Middlewares/STM32_WPAN/svc_ctl.o
 .ARM.attributes
                0x0000000000000997       0x34 ./Middlewares/STM32_WPAN/tl_mbox.o
 .ARM.attributes
                0x00000000000009cb       0x34 ./Utilities/stm32_lpm.o
 .ARM.attributes
                0x00000000000009ff       0x34 ./Utilities/stm32_seq.o
 .ARM.attributes
                0x0000000000000a33       0x34 c:/st/stm32cubeide_1.12.0/stm32cubeide/plugins/com.st.stm32cube.ide.mcu.externaltools.gnu-tools-for-stm32.10.3-2021.10.win32_1.0.200.202301161003/tools/bin/../lib/gcc/arm-none-eabi/10.3.1/../../../../arm-none-eabi/lib/thumb/v7e-m+fp/hard\libc_nano.a(lib_a-init.o)
 .ARM.attributes
                0x0000000000000a67       0x34 c:/st/stm32cubeide_1.12.0/stm32cubeide/plugins/com.st.stm32cube.ide.mcu.externaltools.gnu-tools-for-stm32.10.3-2021.10.win32_1.0.200.202301161003/tools/bin/../lib/gcc/arm-none-eabi/10.3.1/../../../../arm-none-eabi/lib/thumb/v7e-m+fp/hard\libc_nano.a(lib_a-memcpy-stub.o)
 .ARM.attributes
                0x0000000000000a9b       0x34 c:/st/stm32cubeide_1.12.0/stm32cubeide/plugins/com.st.stm32cube.ide.mcu.externaltools.gnu-tools-for-stm32.10.3-2021.10.win32_1.0.200.202301161003/tools/bin/../lib/gcc/arm-none-eabi/10.3.1/../../../../arm-none-eabi/lib/thumb/v7e-m+fp/hard\libc_nano.a(lib_a-memset.o)
 .ARM.attributes
                0x0000000000000acf       0x1c c:/st/stm32cubeide_1.12.0/stm32cubeide/plugins/com.st.stm32cube.ide.mcu.externaltools.gnu-tools-for-stm32.10.3-2021.10.win32_1.0.200.202301161003/tools/bin/../lib/gcc/arm-none-eabi/10.3.1/../../../../arm-none-eabi/lib/thumb/v7e-m+fp/hard\libc_nano.a(lib_a-strcmp.o)
 .ARM.attributes
                0x0000000000000aeb       0x1e c:/st/stm32cubeide_1.12.0/stm32cubeide/plugins/com.st.stm32cube.ide.mcu.externaltools.gnu-tools-for-stm32.10.3-2021.10.win32_1.0.200.202301161003/tools/bin/../lib/gcc/arm-none-eabi/10.3.1/thumb/v7e-m+fp/hard/crtn.o

MAPPING_TABLE   0x0000000020030000       0x28
 *(MAPPING_TABLE)
 MAPPING_TABLE  0x0000000020030000       0x28 ./Middlewares/STM32_WPAN/tl_mbox.o

MB_MEM1         0x0000000020030028      0x1bc
 *(MB_MEM1)
 MB_MEM1        0x0000000020030028      0x10b ./Application/User/STM32_WPAN/App/app_ble.o
 *fill*         0x0000000020030133        0x1 
 MB_MEM1        0x0000000020030134       0xb0 ./Middlewares/STM32_WPAN/tl_mbox.o

MB_MEM2         0x00000000200301e4      0x883
                0x00000000200301e4                _sMB_MEM2 = .
 *(MB_MEM2)
 MB_MEM2        0x00000000200301e4       0x14 ./Application/User/Core/app_debug.o
 MB_MEM2        0x00000000200301f8      0x860 ./Application/User/Core/app_entry.o
 MB_MEM2        0x0000000020030a58        0xf ./Middlewares/STM32_WPAN/tl_mbox.o
                0x0000000020030a67                _eMB_MEM2 = .
OUTPUT(BLE_HeartRate.elf elf32-littlearm)
LOAD linker stubs
LOAD c:/st/stm32cubeide_1.12.0/stm32cubeide/plugins/com.st.stm32cube.ide.mcu.externaltools.gnu-tools-for-stm32.10.3-2021.10.win32_1.0.200.202301161003/tools/bin/../lib/gcc/arm-none-eabi/10.3.1/../../../../arm-none-eabi/lib/thumb/v7e-m+fp/hard\libc.a
LOAD c:/st/stm32cubeide_1.12.0/stm32cubeide/plugins/com.st.stm32cube.ide.mcu.externaltools.gnu-tools-for-stm32.10.3-2021.10.win32_1.0.200.202301161003/tools/bin/../lib/gcc/arm-none-eabi/10.3.1/../../../../arm-none-eabi/lib/thumb/v7e-m+fp/hard\libm.a
LOAD c:/st/stm32cubeide_1.12.0/stm32cubeide/plugins/com.st.stm32cube.ide.mcu.externaltools.gnu-tools-for-stm32.10.3-2021.10.win32_1.0.200.202301161003/tools/bin/../lib/gcc/arm-none-eabi/10.3.1/thumb/v7e-m+fp/hard\libgcc.a

.comment        0x0000000000000000       0x50
 .comment       0x0000000000000000       0x50 ./Application/User/Core/app_debug.o
                                         0x51 (size before relaxing)
 .comment       0x0000000000000050       0x51 ./Application/User/Core/app_entry.o
 .comment       0x0000000000000050       0x51 ./Application/User/Core/hw_timerserver.o
 .comment       0x0000000000000050       0x51 ./Application/User/Core/hw_uart.o
 .comment       0x0000000000000050       0x51 ./Application/User/Core/main.o
 .comment       0x0000000000000050       0x51 ./Application/User/Core/stm32_lpm_if.o
 .comment       0x0000000000000050       0x51 ./Application/User/Core/stm32wbxx_hal_msp.o
 .comment       0x0000000000000050       0x51 ./Application/User/Core/stm32wbxx_it.o
 .comment       0x0000000000000050       0x51 ./Application/User/STM32_WPAN/App/app_ble.o
 .comment       0x0000000000000050       0x51 ./Application/User/STM32_WPAN/App/dis_app.o
 .comment       0x0000000000000050       0x51 ./Application/User/STM32_WPAN/App/hrs_app.o
 .comment       0x0000000000000050       0x51 ./Application/User/STM32_WPAN/Target/hw_ipcc.o
 .comment       0x0000000000000050       0x51 ./Drivers/BSP/P-NUCLEO-WB55.Nucleo/stm32wbxx_nucleo.o
 .comment       0x0000000000000050       0x51 ./Drivers/CMSIS/system_stm32wbxx.o
 .comment       0x0000000000000050       0x51 ./Drivers/STM32WBxx_HAL_Driver/stm32wbxx_hal.o
 .comment       0x0000000000000050       0x51 ./Drivers/STM32WBxx_HAL_Driver/stm32wbxx_hal_cortex.o
 .comment       0x0000000000000050       0x51 ./Drivers/STM32WBxx_HAL_Driver/stm32wbxx_hal_dma.o
 .comment       0x0000000000000050       0x51 ./Drivers/STM32WBxx_HAL_Driver/stm32wbxx_hal_exti.o
 .comment       0x0000000000000050       0x51 ./Drivers/STM32WBxx_HAL_Driver/stm32wbxx_hal_gpio.o
 .comment       0x0000000000000050       0x51 ./Drivers/STM32WBxx_HAL_Driver/stm32wbxx_hal_hsem.o
 .comment       0x0000000000000050       0x51 ./Drivers/STM32WBxx_HAL_Driver/stm32wbxx_hal_ipcc.o
 .comment       0x0000000000000050       0x51 ./Drivers/STM32WBxx_HAL_Driver/stm32wbxx_hal_pwr.o
 .comment       0x0000000000000050       0x51 ./Drivers/STM32WBxx_HAL_Driver/stm32wbxx_hal_pwr_ex.o
 .comment       0x0000000000000050       0x51 ./Drivers/STM32WBxx_HAL_Driver/stm32wbxx_hal_rcc.o
 .comment       0x0000000000000050       0x51 ./Drivers/STM32WBxx_HAL_Driver/stm32wbxx_hal_rcc_ex.o
 .comment       0x0000000000000050       0x51 ./Drivers/STM32WBxx_HAL_Driver/stm32wbxx_hal_rng.o
 .comment       0x0000000000000050       0x51 ./Drivers/STM32WBxx_HAL_Driver/stm32wbxx_hal_rtc.o
 .comment       0x0000000000000050       0x51 ./Drivers/STM32WBxx_HAL_Driver/stm32wbxx_hal_rtc_ex.o
 .comment       0x0000000000000050       0x51 ./Drivers/STM32WBxx_HAL_Driver/stm32wbxx_hal_uart.o
 .comment       0x0000000000000050       0x51 ./Drivers/STM32WBxx_HAL_Driver/stm32wbxx_hal_uart_ex.o
 .comment       0x0000000000000050       0x51 ./Middlewares/STM32_WPAN/ble_gap_aci.o
 .comment       0x0000000000000050       0x51 ./Middlewares/STM32_WPAN/ble_gatt_aci.o
 .comment       0x0000000000000050       0x51 ./Middlewares/STM32_WPAN/ble_hal_aci.o
 .comment       0x0000000000000050       0x51 ./Middlewares/STM32_WPAN/ble_hci_le.o
 .comment       0x0000000000000050       0x51 ./Middlewares/STM32_WPAN/dis.o
 .comment       0x0000000000000050       0x51 ./Middlewares/STM32_WPAN/hci_tl.o
 .comment       0x0000000000000050       0x51 ./Middlewares/STM32_WPAN/hci_tl_if.o
 .comment       0x0000000000000050       0x51 ./Middlewares/STM32_WPAN/hrs.o
 .comment       0x0000000000000050       0x51 ./Middlewares/STM32_WPAN/osal.o
 .comment       0x0000000000000050       0x51 ./Middlewares/STM32_WPAN/otp.o
 .comment       0x0000000000000050       0x51 ./Middlewares/STM32_WPAN/shci.o
 .comment       0x0000000000000050       0x51 ./Middlewares/STM32_WPAN/shci_tl.o
 .comment       0x0000000000000050       0x51 ./Middlewares/STM32_WPAN/shci_tl_if.o
 .comment       0x0000000000000050       0x51 ./Middlewares/STM32_WPAN/stm_list.o
 .comment       0x0000000000000050       0x51 ./Middlewares/STM32_WPAN/svc_ctl.o
 .comment       0x0000000000000050       0x51 ./Middlewares/STM32_WPAN/tl_mbox.o
 .comment       0x0000000000000050       0x51 ./Utilities/stm32_lpm.o
 .comment       0x0000000000000050       0x51 ./Utilities/stm32_seq.o

.debug_frame    0x0000000000000000       0x94
 .debug_frame   0x0000000000000000       0x2c c:/st/stm32cubeide_1.12.0/stm32cubeide/plugins/com.st.stm32cube.ide.mcu.externaltools.gnu-tools-for-stm32.10.3-2021.10.win32_1.0.200.202301161003/tools/bin/../lib/gcc/arm-none-eabi/10.3.1/../../../../arm-none-eabi/lib/thumb/v7e-m+fp/hard\libc_nano.a(lib_a-init.o)
 .debug_frame   0x000000000000002c       0x28 c:/st/stm32cubeide_1.12.0/stm32cubeide/plugins/com.st.stm32cube.ide.mcu.externaltools.gnu-tools-for-stm32.10.3-2021.10.win32_1.0.200.202301161003/tools/bin/../lib/gcc/arm-none-eabi/10.3.1/../../../../arm-none-eabi/lib/thumb/v7e-m+fp/hard\libc_nano.a(lib_a-memcpy-stub.o)
 .debug_frame   0x0000000000000054       0x20 c:/st/stm32cubeide_1.12.0/stm32cubeide/plugins/com.st.stm32cube.ide.mcu.externaltools.gnu-tools-for-stm32.10.3-2021.10.win32_1.0.200.202301161003/tools/bin/../lib/gcc/arm-none-eabi/10.3.1/../../../../arm-none-eabi/lib/thumb/v7e-m+fp/hard\libc_nano.a(lib_a-memset.o)
 .debug_frame   0x0000000000000074       0x20 c:/st/stm32cubeide_1.12.0/stm32cubeide/plugins/com.st.stm32cube.ide.mcu.externaltools.gnu-tools-for-stm32.10.3-2021.10.win32_1.0.200.202301161003/tools/bin/../lib/gcc/arm-none-eabi/10.3.1/../../../../arm-none-eabi/lib/thumb/v7e-m+fp/hard\libc_nano.a(lib_a-strcmp.o)
