../Core/Src/lis2de12_reg.c:49:16:lis2de12_read_reg	40	static
../Core/Src/lis2de12_reg.c:70:16:lis2de12_write_reg	40	static
../Core/Src/lis2de12_reg.c:93:9:lis2de12_from_fs2_to_mg	16	static
../Core/Src/lis2de12_reg.c:98:9:lis2de12_from_fs4_to_mg	16	static
../Core/Src/lis2de12_reg.c:103:9:lis2de12_from_fs8_to_mg	16	static
../Core/Src/lis2de12_reg.c:108:9:lis2de12_from_fs16_to_mg	16	static
../Core/Src/lis2de12_reg.c:113:9:lis2de12_from_lsb_to_celsius	16	static
../Core/Src/lis2de12_reg.c:138:9:lis2de12_temp_status_reg_get	24	static
../Core/Src/lis2de12_reg.c:154:9:lis2de12_temp_data_ready_get	24	static
../Core/Src/lis2de12_reg.c:173:9:lis2de12_temp_data_ovr_get	24	static
../Core/Src/lis2de12_reg.c:192:9:lis2de12_temperature_raw_get	24	static
../Core/Src/lis2de12_reg.c:211:9:lis2de12_temperature_meas_set	24	static
../Core/Src/lis2de12_reg.c:238:9:lis2de12_temperature_meas_get	24	static
../Core/Src/lis2de12_reg.c:273:9:lis2de12_data_rate_set	24	static
../Core/Src/lis2de12_reg.c:300:9:lis2de12_data_rate_get	24	static
../Core/Src/lis2de12_reg.c:367:9:lis2de12_high_pass_on_outputs_set	24	static
../Core/Src/lis2de12_reg.c:395:9:lis2de12_high_pass_on_outputs_get	24	static
../Core/Src/lis2de12_reg.c:422:9:lis2de12_high_pass_bandwidth_set	24	static
../Core/Src/lis2de12_reg.c:455:9:lis2de12_high_pass_bandwidth_get	24	static
../Core/Src/lis2de12_reg.c:498:9:lis2de12_high_pass_mode_set	24	static
../Core/Src/lis2de12_reg.c:525:9:lis2de12_high_pass_mode_get	24	static
../Core/Src/lis2de12_reg.c:568:9:lis2de12_full_scale_set	24	static
../Core/Src/lis2de12_reg.c:594:9:lis2de12_full_scale_get	24	static
../Core/Src/lis2de12_reg.c:636:9:lis2de12_block_data_update_set	24	static
../Core/Src/lis2de12_reg.c:662:9:lis2de12_block_data_update_get	24	static
../Core/Src/lis2de12_reg.c:684:9:lis2de12_filter_reference_set	24	static
../Core/Src/lis2de12_reg.c:703:9:lis2de12_filter_reference_get	24	static
../Core/Src/lis2de12_reg.c:720:9:lis2de12_xl_data_ready_get	24	static
../Core/Src/lis2de12_reg.c:739:9:lis2de12_xl_data_ovr_get	24	static
../Core/Src/lis2de12_reg.c:758:9:lis2de12_acceleration_raw_get	32	static
../Core/Src/lis2de12_reg.c:793:9:lis2de12_device_id_get	24	static
../Core/Src/lis2de12_reg.c:809:9:lis2de12_self_test_set	24	static
../Core/Src/lis2de12_reg.c:835:9:lis2de12_self_test_get	24	static
../Core/Src/lis2de12_reg.c:873:9:lis2de12_boot_set	24	static
../Core/Src/lis2de12_reg.c:899:9:lis2de12_boot_get	24	static
../Core/Src/lis2de12_reg.c:919:9:lis2de12_status_get	24	static
../Core/Src/lis2de12_reg.c:949:9:lis2de12_int1_gen_conf_set	24	static
../Core/Src/lis2de12_reg.c:967:9:lis2de12_int1_gen_conf_get	24	static
../Core/Src/lis2de12_reg.c:985:9:lis2de12_int1_gen_source_get	24	static
../Core/Src/lis2de12_reg.c:1004:9:lis2de12_int1_gen_threshold_set	24	static
../Core/Src/lis2de12_reg.c:1031:9:lis2de12_int1_gen_threshold_get	24	static
../Core/Src/lis2de12_reg.c:1052:9:lis2de12_int1_gen_duration_set	24	static
../Core/Src/lis2de12_reg.c:1079:9:lis2de12_int1_gen_duration_get	24	static
../Core/Src/lis2de12_reg.c:1113:9:lis2de12_int2_gen_conf_set	24	static
../Core/Src/lis2de12_reg.c:1131:9:lis2de12_int2_gen_conf_get	24	static
../Core/Src/lis2de12_reg.c:1148:9:lis2de12_int2_gen_source_get	24	static
../Core/Src/lis2de12_reg.c:1167:9:lis2de12_int2_gen_threshold_set	24	static
../Core/Src/lis2de12_reg.c:1194:9:lis2de12_int2_gen_threshold_get	24	static
../Core/Src/lis2de12_reg.c:1215:9:lis2de12_int2_gen_duration_set	24	static
../Core/Src/lis2de12_reg.c:1242:9:lis2de12_int2_gen_duration_get	24	static
../Core/Src/lis2de12_reg.c:1275:9:lis2de12_high_pass_int_conf_set	24	static
../Core/Src/lis2de12_reg.c:1302:9:lis2de12_high_pass_int_conf_get	24	static
../Core/Src/lis2de12_reg.c:1361:9:lis2de12_pin_int1_config_set	24	static
../Core/Src/lis2de12_reg.c:1379:9:lis2de12_pin_int1_config_get	24	static
../Core/Src/lis2de12_reg.c:1398:9:lis2de12_int2_pin_detect_4d_set	24	static
../Core/Src/lis2de12_reg.c:1426:9:lis2de12_int2_pin_detect_4d_get	24	static
../Core/Src/lis2de12_reg.c:1449:9:lis2de12_int2_pin_notification_mode_set	24	static
../Core/Src/lis2de12_reg.c:1478:9:lis2de12_int2_pin_notification_mode_get	24	static
../Core/Src/lis2de12_reg.c:1514:9:lis2de12_int1_pin_detect_4d_set	24	static
../Core/Src/lis2de12_reg.c:1542:9:lis2de12_int1_pin_detect_4d_get	24	static
../Core/Src/lis2de12_reg.c:1564:9:lis2de12_int1_pin_notification_mode_set	24	static
../Core/Src/lis2de12_reg.c:1592:9:lis2de12_int1_pin_notification_mode_get	24	static
../Core/Src/lis2de12_reg.c:1627:9:lis2de12_pin_int2_config_set	24	static
../Core/Src/lis2de12_reg.c:1645:9:lis2de12_pin_int2_config_get	24	static
../Core/Src/lis2de12_reg.c:1674:9:lis2de12_fifo_set	24	static
../Core/Src/lis2de12_reg.c:1700:9:lis2de12_fifo_get	24	static
../Core/Src/lis2de12_reg.c:1720:9:lis2de12_fifo_watermark_set	24	static
../Core/Src/lis2de12_reg.c:1746:9:lis2de12_fifo_watermark_get	24	static
../Core/Src/lis2de12_reg.c:1766:9:lis2de12_fifo_trigger_event_set	24	static
../Core/Src/lis2de12_reg.c:1793:9:lis2de12_fifo_trigger_event_get	24	static
../Core/Src/lis2de12_reg.c:1828:9:lis2de12_fifo_mode_set	24	static
../Core/Src/lis2de12_reg.c:1854:9:lis2de12_fifo_mode_get	24	static
../Core/Src/lis2de12_reg.c:1896:9:lis2de12_fifo_status_get	24	static
../Core/Src/lis2de12_reg.c:1913:9:lis2de12_fifo_data_level_get	24	static
../Core/Src/lis2de12_reg.c:1932:9:lis2de12_fifo_empty_flag_get	24	static
../Core/Src/lis2de12_reg.c:1951:9:lis2de12_fifo_ovr_flag_get	24	static
../Core/Src/lis2de12_reg.c:1970:9:lis2de12_fifo_fth_flag_get	24	static
../Core/Src/lis2de12_reg.c:2002:9:lis2de12_tap_conf_set	24	static
../Core/Src/lis2de12_reg.c:2020:9:lis2de12_tap_conf_get	24	static
../Core/Src/lis2de12_reg.c:2037:9:lis2de12_tap_source_get	24	static
../Core/Src/lis2de12_reg.c:2055:9:lis2de12_tap_threshold_set	24	static
../Core/Src/lis2de12_reg.c:2082:9:lis2de12_tap_threshold_get	24	static
../Core/Src/lis2de12_reg.c:2105:9:lis2de12_tap_notification_mode_set	24	static
../Core/Src/lis2de12_reg.c:2135:9:lis2de12_tap_notification_mode_get	24	static
../Core/Src/lis2de12_reg.c:2172:9:lis2de12_shock_dur_set	24	static
../Core/Src/lis2de12_reg.c:2200:9:lis2de12_shock_dur_get	24	static
../Core/Src/lis2de12_reg.c:2223:9:lis2de12_quiet_dur_set	24	static
../Core/Src/lis2de12_reg.c:2252:9:lis2de12_quiet_dur_get	24	static
../Core/Src/lis2de12_reg.c:2275:9:lis2de12_double_tap_timeout_set	24	static
../Core/Src/lis2de12_reg.c:2305:9:lis2de12_double_tap_timeout_get	24	static
../Core/Src/lis2de12_reg.c:2341:9:lis2de12_act_threshold_set	24	static
../Core/Src/lis2de12_reg.c:2367:9:lis2de12_act_threshold_get	24	static
../Core/Src/lis2de12_reg.c:2387:9:lis2de12_act_timeout_set	24	static
../Core/Src/lis2de12_reg.c:2412:9:lis2de12_act_timeout_get	24	static
../Core/Src/lis2de12_reg.c:2444:9:lis2de12_pin_sdo_sa0_mode_set	24	static
../Core/Src/lis2de12_reg.c:2471:9:lis2de12_pin_sdo_sa0_mode_get	24	static
../Core/Src/lis2de12_reg.c:2506:9:lis2de12_spi_mode_set	24	static
../Core/Src/lis2de12_reg.c:2532:9:lis2de12_spi_mode_get	24	static
