../Core/Src/main.c:111:5:main	80	static
../Core/Src/main.c:264:6:SystemClock_Config	96	static
../Core/Src/main.c:310:13:MX_I2C1_Init	8	static
../Core/Src/main.c:358:13:MX_LPTIM1_Init	8	static
../Core/Src/main.c:392:13:MX_SPI2_Init	8	static
../Core/Src/main.c:432:13:MX_USART1_UART_Init	8	static
../Core/Src/main.c:467:13:MX_GPIO_Init	40	static
../Core/Src/main.c:503:16:platform_write	40	static
../Core/Src/main.c:541:16:platform_read	40	static
../Core/Src/main.c:572:6:HAL_LPTIM_CompareMatchCallback	16	static
../Core/Src/main.c:583:1:__io_putchar	16	static
../Core/Src/main.c:598:6:Error_Handler	4	static,ignoring_inline_asm
