../Core/Src/main.c:93:5:main	16	static
../Core/Src/main.c:193:6:SystemClock_Config	96	static
../Core/Src/main.c:239:13:MX_I2C1_Init	8	static
../Core/Src/main.c:287:13:MX_LPTIM1_Init	8	static
../Core/Src/main.c:321:13:MX_SPI2_Init	8	static
../Core/Src/main.c:361:13:MX_USART1_UART_Init	8	static
../Core/Src/main.c:396:13:MX_GPIO_Init	40	static
../Core/Src/main.c:425:6:HAL_LPTIM_CompareMatchCallback	16	static
../Core/Src/main.c:436:1:__io_putchar	16	static
../Core/Src/main.c:451:6:Error_Handler	4	static,ignoring_inline_asm
