C:/Users/mkukl/Documents/STM32CubeWB/Projects/P-NUCLEO-WB55.Nucleo/Applications/BLE/BLE_HeartRate/STM32_WPAN/Target/hw_ipcc.c:180:6:HW_IPCC_Enable	8	static,ignoring_inline_asm
C:/Users/mkukl/Documents/STM32CubeWB/Projects/P-NUCLEO-WB55.Nucleo/Applications/BLE/BLE_HeartRate/STM32_WPAN/Target/hw_ipcc.c:211:6:HW_IPCC_Init	16	static
C:/Users/mkukl/Documents/STM32CubeWB/Projects/P-NUCLEO-WB55.Nucleo/Applications/BLE/BLE_HeartRate/STM32_WPAN/Target/hw_ipcc.c:227:6:HW_IPCC_BLE_Init	0	static
C:/Users/mkukl/Documents/STM32CubeWB/Projects/P-NUCLEO-WB55.Nucleo/Applications/BLE/BLE_HeartRate/STM32_WPAN/Target/hw_ipcc.c:234:6:HW_IPCC_BLE_SendCmd	0	static
C:/Users/mkukl/Documents/STM32CubeWB/Projects/P-NUCLEO-WB55.Nucleo/Applications/BLE/BLE_HeartRate/STM32_WPAN/Target/hw_ipcc.c:250:6:HW_IPCC_BLE_SendAclData	0	static
C:/Users/mkukl/Documents/STM32CubeWB/Projects/P-NUCLEO-WB55.Nucleo/Applications/BLE/BLE_HeartRate/STM32_WPAN/Target/hw_ipcc.c:267:13:HW_IPCC_BLE_AclDataAckNot	0	static
C:/Users/mkukl/Documents/STM32CubeWB/Projects/P-NUCLEO-WB55.Nucleo/Applications/BLE/BLE_HeartRate/STM32_WPAN/Target/hw_ipcc.c:268:13:HW_IPCC_BLE_RxEvtNot	0	static
C:/Users/mkukl/Documents/STM32CubeWB/Projects/P-NUCLEO-WB55.Nucleo/Applications/BLE/BLE_HeartRate/STM32_WPAN/Target/hw_ipcc.c:273:6:HW_IPCC_SYS_Init	0	static
C:/Users/mkukl/Documents/STM32CubeWB/Projects/P-NUCLEO-WB55.Nucleo/Applications/BLE/BLE_HeartRate/STM32_WPAN/Target/hw_ipcc.c:280:6:HW_IPCC_SYS_SendCmd	0	static
C:/Users/mkukl/Documents/STM32CubeWB/Projects/P-NUCLEO-WB55.Nucleo/Applications/BLE/BLE_HeartRate/STM32_WPAN/Target/hw_ipcc.c:306:13:HW_IPCC_SYS_CmdEvtNot	0	static
C:/Users/mkukl/Documents/STM32CubeWB/Projects/P-NUCLEO-WB55.Nucleo/Applications/BLE/BLE_HeartRate/STM32_WPAN/Target/hw_ipcc.c:139:6:HW_IPCC_Tx_Handler	8	static
C:/Users/mkukl/Documents/STM32CubeWB/Projects/P-NUCLEO-WB55.Nucleo/Applications/BLE/BLE_HeartRate/STM32_WPAN/Target/hw_ipcc.c:307:13:HW_IPCC_SYS_EvtNot	0	static
C:/Users/mkukl/Documents/STM32CubeWB/Projects/P-NUCLEO-WB55.Nucleo/Applications/BLE/BLE_HeartRate/STM32_WPAN/Target/hw_ipcc.c:622:6:HW_IPCC_MM_SendFreeBuf	8	static
C:/Users/mkukl/Documents/STM32CubeWB/Projects/P-NUCLEO-WB55.Nucleo/Applications/BLE/BLE_HeartRate/STM32_WPAN/Target/hw_ipcc.c:653:6:HW_IPCC_TRACES_Init	0	static
C:/Users/mkukl/Documents/STM32CubeWB/Projects/P-NUCLEO-WB55.Nucleo/Applications/BLE/BLE_HeartRate/STM32_WPAN/Target/hw_ipcc.c:669:13:HW_IPCC_TRACES_EvtNot	0	static
C:/Users/mkukl/Documents/STM32CubeWB/Projects/P-NUCLEO-WB55.Nucleo/Applications/BLE/BLE_HeartRate/STM32_WPAN/Target/hw_ipcc.c:75:6:HW_IPCC_Rx_Handler	8	static
