stm32f4xx_nucleo.c:353:13:SPIx_Init	56	static
stm32f4xx_nucleo.c:408:13:SPIx_Write	32	static
stm32f4xx_nucleo.c:160:10:BSP_GetVersion	0	static
stm32f4xx_nucleo.c:171:6:BSP_LED_Init	40	static
stm32f4xx_nucleo.c:196:6:BSP_LED_DeInit	8	static
stm32f4xx_nucleo.c:213:6:BSP_LED_On	0	static
stm32f4xx_nucleo.c:224:6:BSP_LED_Off	0	static
stm32f4xx_nucleo.c:235:6:BSP_LED_Toggle	0	static
stm32f4xx_nucleo.c:250:6:BSP_PB_Init	32	static
stm32f4xx_nucleo.c:287:6:BSP_PB_DeInit	8	static
stm32f4xx_nucleo.c:302:10:BSP_PB_GetState	8	static
stm32f4xx_nucleo.c:479:6:SD_IO_CSState	0	static
stm32f4xx_nucleo.c:497:6:SD_IO_WriteReadData	16	static
stm32f4xx_nucleo.c:507:9:SD_IO_WriteByte	32	static
stm32f4xx_nucleo.c:444:6:SD_IO_Init	40	static
stm32f4xx_nucleo.c:519:6:LCD_IO_Init	48	static
stm32f4xx_nucleo.c:549:6:LCD_IO_WriteReg	16	static
stm32f4xx_nucleo.c:569:6:LCD_IO_WriteData	16	static
stm32f4xx_nucleo.c:589:6:LCD_IO_WriteMultipleData	24	static
stm32f4xx_nucleo.c:644:6:LCD_Delay	0	static
stm32f4xx_nucleo.c:737:9:BSP_JOY_Init	48	static
stm32f4xx_nucleo.c:757:6:BSP_JOY_DeInit	8	static
stm32f4xx_nucleo.c:774:18:BSP_JOY_GetState	8	static
