../../../../../../../Drivers/STM32WBxx_HAL_Driver/Inc/stm32wbxx_ll_pwr.h:1663:22:LL_C2_PWR_SetPowerMode	16	static
../../../../../../../Drivers/STM32WBxx_HAL_Driver/Inc/stm32wbxx_ll_exti.h:391:22:LL_EXTI_EnableIT_32_63	16	static
../../../../../../../Drivers/STM32WBxx_HAL_Driver/Inc/stm32wbxx_ll_rcc.h:1359:22:LL_RCC_HSE_SetCapacitorTuning	16	static
../../../../../../../Drivers/STM32WBxx_HAL_Driver/Inc/stm32wbxx_ll_rcc.h:2349:22:LL_RCC_SetClkAfterWakeFromStop	16	static
../../../../../../../Drivers/STM32WBxx_HAL_Driver/Inc/stm32wbxx_ll_system.h:1513:26:LL_DBGMCU_GetDeviceID	4	static
../../../../../../../Drivers/STM32WBxx_HAL_Driver/Inc/stm32wbxx_ll_system.h:1524:26:LL_DBGMCU_GetRevisionID	4	static
../../../../../../../Drivers/STM32WBxx_HAL_Driver/Inc/stm32wbxx_ll_cortex.h:311:22:LL_LPM_EnableSleep	4	static
../../../../../../../Drivers/STM32WBxx_HAL_Driver/Inc/stm32wbxx_ll_rtc.h:1031:22:LL_RTC_EnableWriteProtection	16	static
../../../../../../../Drivers/STM32WBxx_HAL_Driver/Inc/stm32wbxx_ll_rtc.h:1042:22:LL_RTC_DisableWriteProtection	16	static
../../../../../../../Drivers/STM32WBxx_HAL_Driver/Inc/stm32wbxx_ll_rtc.h:3006:22:LL_RTC_WAKEUP_SetClock	16	static
C:/Users/mkukl/Documents/STM32CubeWB/Projects/P-NUCLEO-WB55.Nucleo/Applications/BLE/BLE_HeartRate/Core/Src/app_entry.c:105:6:MX_APPE_Config	8	static
C:/Users/mkukl/Documents/STM32CubeWB/Projects/P-NUCLEO-WB55.Nucleo/Applications/BLE/BLE_HeartRate/Core/Src/app_entry.c:125:6:MX_APPE_Init	8	static
C:/Users/mkukl/Documents/STM32CubeWB/Projects/P-NUCLEO-WB55.Nucleo/Applications/BLE/BLE_HeartRate/Core/Src/app_entry.c:162:6:Init_Smps	4	static
C:/Users/mkukl/Documents/STM32CubeWB/Projects/P-NUCLEO-WB55.Nucleo/Applications/BLE/BLE_HeartRate/Core/Src/app_entry.c:180:6:Init_Exti	8	static
C:/Users/mkukl/Documents/STM32CubeWB/Projects/P-NUCLEO-WB55.Nucleo/Applications/BLE/BLE_HeartRate/Core/Src/app_entry.c:197:13:Reset_Device	4	static
C:/Users/mkukl/Documents/STM32CubeWB/Projects/P-NUCLEO-WB55.Nucleo/Applications/BLE/BLE_HeartRate/Core/Src/app_entry.c:266:13:Config_HSE	16	static
C:/Users/mkukl/Documents/STM32CubeWB/Projects/P-NUCLEO-WB55.Nucleo/Applications/BLE/BLE_HeartRate/Core/Src/app_entry.c:282:13:System_Init	8	static
C:/Users/mkukl/Documents/STM32CubeWB/Projects/P-NUCLEO-WB55.Nucleo/Applications/BLE/BLE_HeartRate/Core/Src/app_entry.c:293:13:Init_Rtc	8	static
C:/Users/mkukl/Documents/STM32CubeWB/Projects/P-NUCLEO-WB55.Nucleo/Applications/BLE/BLE_HeartRate/Core/Src/app_entry.c:314:13:SystemPower_Config	8	static
C:/Users/mkukl/Documents/STM32CubeWB/Projects/P-NUCLEO-WB55.Nucleo/Applications/BLE/BLE_HeartRate/Core/Src/app_entry.c:336:13:appe_Tl_Init	40	static
C:/Users/mkukl/Documents/STM32CubeWB/Projects/P-NUCLEO-WB55.Nucleo/Applications/BLE/BLE_HeartRate/Core/Src/app_entry.c:361:13:APPE_SysStatusNot	16	static
C:/Users/mkukl/Documents/STM32CubeWB/Projects/P-NUCLEO-WB55.Nucleo/Applications/BLE/BLE_HeartRate/Core/Src/app_entry.c:376:13:APPE_SysUserEvtRx	40	static
C:/Users/mkukl/Documents/STM32CubeWB/Projects/P-NUCLEO-WB55.Nucleo/Applications/BLE/BLE_HeartRate/Core/Src/app_entry.c:439:13:APPE_SysEvtError	24	static
C:/Users/mkukl/Documents/STM32CubeWB/Projects/P-NUCLEO-WB55.Nucleo/Applications/BLE/BLE_HeartRate/Core/Src/app_entry.c:461:13:APPE_SysEvtReadyProcessing	48	static
C:/Users/mkukl/Documents/STM32CubeWB/Projects/P-NUCLEO-WB55.Nucleo/Applications/BLE/BLE_HeartRate/Core/Src/app_entry.c:534:13:Led_Init	4	static
C:/Users/mkukl/Documents/STM32CubeWB/Projects/P-NUCLEO-WB55.Nucleo/Applications/BLE/BLE_HeartRate/Core/Src/app_entry.c:551:13:Button_Init	8	static
C:/Users/mkukl/Documents/STM32CubeWB/Projects/P-NUCLEO-WB55.Nucleo/Applications/BLE/BLE_HeartRate/Core/Src/app_entry.c:572:6:HAL_Delay	24	static,ignoring_inline_asm
C:/Users/mkukl/Documents/STM32CubeWB/Projects/P-NUCLEO-WB55.Nucleo/Applications/BLE/BLE_HeartRate/Core/Src/app_entry.c:601:6:MX_APPE_Process	8	static
C:/Users/mkukl/Documents/STM32CubeWB/Projects/P-NUCLEO-WB55.Nucleo/Applications/BLE/BLE_HeartRate/Core/Src/app_entry.c:612:6:UTIL_SEQ_Idle	8	static
C:/Users/mkukl/Documents/STM32CubeWB/Projects/P-NUCLEO-WB55.Nucleo/Applications/BLE/BLE_HeartRate/Core/Src/app_entry.c:627:6:UTIL_SEQ_EvtIdle	16	static
C:/Users/mkukl/Documents/STM32CubeWB/Projects/P-NUCLEO-WB55.Nucleo/Applications/BLE/BLE_HeartRate/Core/Src/app_entry.c:634:6:shci_notify_asynch_evt	16	static
C:/Users/mkukl/Documents/STM32CubeWB/Projects/P-NUCLEO-WB55.Nucleo/Applications/BLE/BLE_HeartRate/Core/Src/app_entry.c:640:6:shci_cmd_resp_release	16	static
C:/Users/mkukl/Documents/STM32CubeWB/Projects/P-NUCLEO-WB55.Nucleo/Applications/BLE/BLE_HeartRate/Core/Src/app_entry.c:646:6:shci_cmd_resp_wait	16	static
C:/Users/mkukl/Documents/STM32CubeWB/Projects/P-NUCLEO-WB55.Nucleo/Applications/BLE/BLE_HeartRate/Core/Src/app_entry.c:653:6:HAL_GPIO_EXTI_Callback	16	static
C:/Users/mkukl/Documents/STM32CubeWB/Projects/P-NUCLEO-WB55.Nucleo/Applications/BLE/BLE_HeartRate/Core/Src/app_entry.c:676:13:RxUART_Init	8	static
C:/Users/mkukl/Documents/STM32CubeWB/Projects/P-NUCLEO-WB55.Nucleo/Applications/BLE/BLE_HeartRate/Core/Src/app_entry.c:681:13:RxCpltCallback	8	static
C:/Users/mkukl/Documents/STM32CubeWB/Projects/P-NUCLEO-WB55.Nucleo/Applications/BLE/BLE_HeartRate/Core/Src/app_entry.c:706:13:UartCmdExecute	8	static
