C:/Users/mkukl/Documents/STM32CubeWB/Projects/P-NUCLEO-WB55.Nucleo/Applications/BLE/BLE_HeartRate/Core/Src/hw_uart.c:69:6:HW_UART_Receive_IT	0	static
C:/Users/mkukl/Documents/STM32CubeWB/Projects/P-NUCLEO-WB55.Nucleo/Applications/BLE/BLE_HeartRate/Core/Src/hw_uart.c:92:6:HW_UART_Transmit_IT	0	static
C:/Users/mkukl/Documents/STM32CubeWB/Projects/P-NUCLEO-WB55.Nucleo/Applications/BLE/BLE_HeartRate/Core/Src/hw_uart.c:115:13:HW_UART_Transmit	8	static
C:/Users/mkukl/Documents/STM32CubeWB/Projects/P-NUCLEO-WB55.Nucleo/Applications/BLE/BLE_HeartRate/Core/Src/hw_uart.c:163:13:HW_UART_Transmit_DMA	8	static
C:/Users/mkukl/Documents/STM32CubeWB/Projects/P-NUCLEO-WB55.Nucleo/Applications/BLE/BLE_HeartRate/Core/Src/hw_uart.c:215:6:HW_UART_Interrupt_Handler	0	static
C:/Users/mkukl/Documents/STM32CubeWB/Projects/P-NUCLEO-WB55.Nucleo/Applications/BLE/BLE_HeartRate/Core/Src/hw_uart.c:238:6:HW_UART_DMA_Interrupt_Handler	0	static
C:/Users/mkukl/Documents/STM32CubeWB/Projects/P-NUCLEO-WB55.Nucleo/Applications/BLE/BLE_HeartRate/Core/Src/hw_uart.c:261:6:HAL_UART_RxCpltCallback	0	static
C:/Users/mkukl/Documents/STM32CubeWB/Projects/P-NUCLEO-WB55.Nucleo/Applications/BLE/BLE_HeartRate/Core/Src/hw_uart.c:290:6:HAL_UART_TxCpltCallback	0	static
