../../../../../../../Drivers/STM32WBxx_HAL_Driver/Inc/stm32wbxx_ll_bus.h:744:22:LL_AHB3_GRP1_EnableClock	8	static
C:/Users/mkukl/Documents/STM32CubeWB/Projects/P-NUCLEO-WB55.Nucleo/Applications/BLE/BLE_HeartRate/Core/Src/stm32wbxx_hal_msp.c:66:6:HAL_MspInit	8	static
C:/Users/mkukl/Documents/STM32CubeWB/Projects/P-NUCLEO-WB55.Nucleo/Applications/BLE/BLE_HeartRate/Core/Src/stm32wbxx_hal_msp.c:92:6:HAL_IPCC_MspInit	8	static
C:/Users/mkukl/Documents/STM32CubeWB/Projects/P-NUCLEO-WB55.Nucleo/Applications/BLE/BLE_HeartRate/Core/Src/stm32wbxx_hal_msp.c:119:6:HAL_IPCC_MspDeInit	8	static
C:/Users/mkukl/Documents/STM32CubeWB/Projects/P-NUCLEO-WB55.Nucleo/Applications/BLE/BLE_HeartRate/Core/Src/stm32wbxx_hal_msp.c:145:6:HAL_UART_MspInit	144	static
C:/Users/mkukl/Documents/STM32CubeWB/Projects/P-NUCLEO-WB55.Nucleo/Applications/BLE/BLE_HeartRate/Core/Src/stm32wbxx_hal_msp.c:279:6:HAL_UART_MspDeInit	8	static
C:/Users/mkukl/Documents/STM32CubeWB/Projects/P-NUCLEO-WB55.Nucleo/Applications/BLE/BLE_HeartRate/Core/Src/stm32wbxx_hal_msp.c:336:6:HAL_RNG_MspInit	88	static
C:/Users/mkukl/Documents/STM32CubeWB/Projects/P-NUCLEO-WB55.Nucleo/Applications/BLE/BLE_HeartRate/Core/Src/stm32wbxx_hal_msp.c:369:6:HAL_RNG_MspDeInit	0	static
C:/Users/mkukl/Documents/STM32CubeWB/Projects/P-NUCLEO-WB55.Nucleo/Applications/BLE/BLE_HeartRate/Core/Src/stm32wbxx_hal_msp.c:391:6:HAL_RTC_MspInit	96	static
C:/Users/mkukl/Documents/STM32CubeWB/Projects/P-NUCLEO-WB55.Nucleo/Applications/BLE/BLE_HeartRate/Core/Src/stm32wbxx_hal_msp.c:428:6:HAL_RTC_MspDeInit	0	static
