../Core/Src/ICM20948.c:20:6:ICM_PowerOn	224	static
../Core/Src/ICM20948.c:59:10:ICM_Initialize	16	static
../Core/Src/ICM20948.c:107:6:ICM_ReadAccelGyroData	32	static
../Core/Src/ICM20948.c:131:6:ICM_ReadMagData	32	static
../Core/Src/ICM20948.c:153:9:ICM_WHOAMI	24	static
../Core/Src/ICM20948.c:159:6:ICM_SelectBank	16	static
../Core/Src/ICM20948.c:163:6:ICM_Disable_I2C	16	static
../Core/Src/ICM20948.c:167:6:ICM_CSHigh	8	static
../Core/Src/ICM20948.c:171:6:ICM_CSLow	8	static
../Core/Src/ICM20948.c:175:6:ICM_SetClock	16	static
../Core/Src/ICM20948.c:179:6:ICM_AccelGyroOff	16	static
../Core/Src/ICM20948.c:183:6:ICM_AccelGyroOn	16	static
../Core/Src/ICM20948.c:187:6:ICM_SetGyroRateLPF	16	static
../Core/Src/ICM20948.c:195:6:ICM_readBytes	24	static
../Core/Src/ICM20948.c:204:6:ICM_WriteBytes	24	static
../Core/Src/ICM20948.c:214:6:ICM_ReadOneByte	32	static
../Core/Src/ICM20948.c:229:6:ICM_WriteOneByte	24	static
../Core/Src/ICM20948.c:244:6:ICM_Mag_Write	16	static
../Core/Src/ICM20948.c:260:9:ICM_Mag_Read	24	static
