../Core/Src/ICM20948.c:16:6:check_accel_threshold	24	static
../Core/Src/ICM20948.c:33:9:ICM_PowerOn	24	static
../Core/Src/ICM20948.c:73:9:ICM_Initialize	16	static
../Core/Src/ICM20948.c:121:6:ICM_ReadAccelGyroData	32	static
../Core/Src/ICM20948.c:147:6:ICM_ReadMagData	32	static
../Core/Src/ICM20948.c:169:9:ICM_WHOAMI	24	static
../Core/Src/ICM20948.c:175:6:ICM_SelectBank	16	static
../Core/Src/ICM20948.c:179:6:ICM_Disable_I2C	16	static
../Core/Src/ICM20948.c:183:6:ICM_CSHigh	8	static
../Core/Src/ICM20948.c:187:6:ICM_CSLow	8	static
../Core/Src/ICM20948.c:191:6:ICM_SetClock	16	static
../Core/Src/ICM20948.c:195:6:ICM_AccelGyroOff	16	static
../Core/Src/ICM20948.c:199:6:ICM_AccelGyroOn	16	static
../Core/Src/ICM20948.c:203:6:ICM_SetGyroRateLPF	16	static
../Core/Src/ICM20948.c:211:6:ICM_readBytes	24	static
../Core/Src/ICM20948.c:220:6:ICM_WriteBytes	24	static
../Core/Src/ICM20948.c:230:6:ICM_ReadOneByte	32	static
../Core/Src/ICM20948.c:245:6:ICM_WriteOneByte	24	static
../Core/Src/ICM20948.c:260:6:ICM_Mag_Write	16	static
../Core/Src/ICM20948.c:276:9:ICM_Mag_Read	24	static
