../Core/Src/ICM20948.c:18:9:ICM_PowerOn	24	static
../Core/Src/ICM20948.c:58:9:ICM_Initialize	16	static
../Core/Src/ICM20948.c:106:6:ICM_ReadAccelGyroData	32	static
../Core/Src/ICM20948.c:130:6:ICM_ReadMagData	32	static
../Core/Src/ICM20948.c:152:9:ICM_WHOAMI	24	static
../Core/Src/ICM20948.c:158:6:ICM_SelectBank	16	static
../Core/Src/ICM20948.c:162:6:ICM_Disable_I2C	16	static
../Core/Src/ICM20948.c:166:6:ICM_CSHigh	8	static
../Core/Src/ICM20948.c:170:6:ICM_CSLow	8	static
../Core/Src/ICM20948.c:174:6:ICM_SetClock	16	static
../Core/Src/ICM20948.c:178:6:ICM_AccelGyroOff	16	static
../Core/Src/ICM20948.c:182:6:ICM_AccelGyroOn	16	static
../Core/Src/ICM20948.c:186:6:ICM_SetGyroRateLPF	16	static
../Core/Src/ICM20948.c:194:6:ICM_readBytes	24	static
../Core/Src/ICM20948.c:203:6:ICM_WriteBytes	24	static
../Core/Src/ICM20948.c:213:6:ICM_ReadOneByte	32	static
../Core/Src/ICM20948.c:228:6:ICM_WriteOneByte	24	static
../Core/Src/ICM20948.c:243:6:ICM_Mag_Write	16	static
../Core/Src/ICM20948.c:259:9:ICM_Mag_Read	24	static
