../Core/Src/ICM20948.c:18:6:ICM_readBytes	24	static
../Core/Src/ICM20948.c:27:6:ICM_WriteBytes	24	static
../Core/Src/ICM20948.c:37:6:ICM_ReadOneByte	24	static
../Core/Src/ICM20948.c:50:6:ICM_WriteOneByte	16	static
../Core/Src/ICM20948.c:64:6:i2c_Mag_write	16	static
../Core/Src/ICM20948.c:80:18:ICM_Mag_Read	24	static
../Core/Src/ICM20948.c:97:8:ICM20948_READ_MAG	32	static
../Core/Src/ICM20948.c:121:6:ICM_ReadMagData	32	static
../Core/Src/ICM20948.c:144:6:ICM_PowerOn	224	static
../Core/Src/ICM20948.c:183:10:ICM_Initialize	16	static
../Core/Src/ICM20948.c:224:6:ICM_ReadAccelGyroData	32	static
../Core/Src/ICM20948.c:244:6:ICM_SelectBank	16	static
../Core/Src/ICM20948.c:247:6:ICM_Disable_I2C	16	static
../Core/Src/ICM20948.c:250:6:ICM_CSHigh	8	static
../Core/Src/ICM20948.c:253:6:ICM_CSLow	8	static
../Core/Src/ICM20948.c:256:6:ICM_SetClock	16	static
../Core/Src/ICM20948.c:259:6:ICM_AccelGyroOff	16	static
../Core/Src/ICM20948.c:262:6:ICM_AccelGyroOn	16	static
../Core/Src/ICM20948.c:265:9:ICM_WHOAMI	24	static
../Core/Src/ICM20948.c:270:6:ICM_SetGyroRateLPF	16	static
