../Drivers/STM32WBxx_HAL_Driver/Inc/stm32wbxx_ll_rcc.h:1679:22:LL_RCC_LSE_SetDriveCapability	16	static
../Drivers/STM32WBxx_HAL_Driver/Inc/stm32wbxx_ll_bus.h:364:22:LL_AHB1_GRP1_EnableClock	24	static
../Drivers/STM32WBxx_HAL_Driver/Inc/stm32wbxx_ll_bus.h:539:22:LL_AHB2_GRP1_EnableClock	24	static
../Core/Src/main.c:98:5:main	1672	static
../Core/Src/main.c:485:6:SystemClock_Config	112	static
../Core/Src/main.c:539:6:PeriphCommonClock_Config	88	static
../Core/Src/main.c:564:13:MX_I2C1_Init	8	static
../Core/Src/main.c:612:13:MX_IPCC_Init	8	static
../Core/Src/main.c:638:13:MX_LPTIM1_Init	8	static
../Core/Src/main.c:672:13:MX_RF_Init	4	static
../Core/Src/main.c:693:13:MX_RTC_Init	8	static
../Core/Src/main.c:736:13:MX_SPI1_Init	8	static
../Core/Src/main.c:776:13:MX_USART1_UART_Init	8	static
../Core/Src/main.c:822:13:MX_DMA_Init	8	static
../Core/Src/main.c:844:13:MX_GPIO_Init	32	static
../Core/Src/main.c:895:6:HAL_LPTIM_CompareMatchCallback	16	static
../Core/Src/main.c:904:1:__io_putchar	16	static
../Core/Src/main.c:919:6:Error_Handler	4	static,ignoring_inline_asm
