../Drivers/STM32WBxx_HAL_Driver/Inc/stm32wbxx_ll_rcc.h:1679:22:LL_RCC_LSE_SetDriveCapability	16	static
../Drivers/STM32WBxx_HAL_Driver/Inc/stm32wbxx_ll_bus.h:539:22:LL_AHB2_GRP1_EnableClock	24	static
../Core/Src/main.c:85:5:main	16	static
../Core/Src/main.c:166:6:SystemClock_Config	112	static
../Core/Src/main.c:220:6:PeriphCommonClock_Config	88	static
../Core/Src/main.c:245:13:MX_I2C1_Init	8	static
../Core/Src/main.c:293:13:MX_IPCC_Init	8	static
../Core/Src/main.c:319:13:MX_LPTIM1_Init	8	static
../Core/Src/main.c:353:13:MX_RF_Init	4	static
../Core/Src/main.c:374:13:MX_RTC_Init	8	static
../Core/Src/main.c:417:13:MX_USART1_UART_Init	8	static
../Core/Src/main.c:465:13:MX_GPIO_Init	32	static
../Core/Src/main.c:516:6:HAL_LPTIM_CompareMatchCallback	24	static
../Core/Src/main.c:532:1:__io_putchar	16	static
../Core/Src/main.c:547:6:Error_Handler	4	static,ignoring_inline_asm
