../Drivers/STM32WBxx_HAL_Driver/Inc/stm32wbxx_ll_rcc.h:2883:22:LL_RCC_EnableRTC	4	static
../Drivers/STM32WBxx_HAL_Driver/Inc/stm32wbxx_ll_rcc.h:2893:22:LL_RCC_DisableRTC	4	static
../Drivers/STM32WBxx_HAL_Driver/Inc/stm32wbxx_ll_bus.h:539:22:LL_AHB2_GRP1_EnableClock	24	static
../Drivers/STM32WBxx_HAL_Driver/Inc/stm32wbxx_ll_bus.h:744:22:LL_AHB3_GRP1_EnableClock	24	static
../Drivers/STM32WBxx_HAL_Driver/Inc/stm32wbxx_ll_bus.h:798:22:LL_AHB3_GRP1_DisableClock	16	static
../Drivers/STM32WBxx_HAL_Driver/Inc/stm32wbxx_ll_bus.h:939:22:LL_APB1_GRP1_EnableClock	24	static
../Drivers/STM32WBxx_HAL_Driver/Inc/stm32wbxx_ll_bus.h:1038:22:LL_APB1_GRP1_DisableClock	16	static
../Drivers/STM32WBxx_HAL_Driver/Inc/stm32wbxx_ll_bus.h:1274:22:LL_APB2_GRP1_EnableClock	24	static
../Drivers/STM32WBxx_HAL_Driver/Inc/stm32wbxx_ll_bus.h:1328:22:LL_APB2_GRP1_DisableClock	16	static
../Core/Src/stm32wbxx_hal_msp.c:70:6:HAL_MspInit	8	static
../Core/Src/stm32wbxx_hal_msp.c:96:6:HAL_I2C_MspInit	120	static
../Core/Src/stm32wbxx_hal_msp.c:145:6:HAL_I2C_MspDeInit	16	static
../Core/Src/stm32wbxx_hal_msp.c:178:6:HAL_IPCC_MspInit	16	static
../Core/Src/stm32wbxx_hal_msp.c:205:6:HAL_IPCC_MspDeInit	16	static
../Core/Src/stm32wbxx_hal_msp.c:231:6:HAL_LPTIM_MspInit	96	static
../Core/Src/stm32wbxx_hal_msp.c:267:6:HAL_LPTIM_MspDeInit	16	static
../Core/Src/stm32wbxx_hal_msp.c:292:6:HAL_RTC_MspInit	96	static
../Core/Src/stm32wbxx_hal_msp.c:329:6:HAL_RTC_MspDeInit	16	static
../Core/Src/stm32wbxx_hal_msp.c:355:6:HAL_SPI_MspInit	40	static
../Core/Src/stm32wbxx_hal_msp.c:430:6:HAL_SPI_MspDeInit	16	static
../Core/Src/stm32wbxx_hal_msp.c:466:6:HAL_UART_MspInit	120	static
../Core/Src/stm32wbxx_hal_msp.c:551:6:HAL_UART_MspDeInit	16	static
